 hello

 Timestamp is 5cfa5a6f (Fri Jun  7 20:37:03 2019)

 Preferred load address is 0000000180000000

 Start         Length     Name                   Class
 0001:00000000 0000ed90H .text$mn                CODE
 0001:0000ed90 00000020H .text$mn$00             CODE
 0001:0000edb0 00000430H .text$x                 CODE
 0002:00000000 00000250H .idata$5                DATA
 0002:00000250 00000010H .00cfg                  DATA
 0002:00000260 00000008H .CRT$XCA                DATA
 0002:00000268 00000008H .CRT$XCU                DATA
 0002:00000270 00000008H .CRT$XCZ                DATA
 0002:00000278 00000008H .CRT$XIA                DATA
 0002:00000280 00000018H .CRT$XIC                DATA
 0002:00000298 00000008H .CRT$XIZ                DATA
 0002:000002a0 00000008H .CRT$XPA                DATA
 0002:000002a8 00000010H .CRT$XPX                DATA
 0002:000002b8 00000008H .CRT$XPXA               DATA
 0002:000002c0 00000008H .CRT$XPZ                DATA
 0002:000002c8 00000008H .CRT$XTA                DATA
 0002:000002d0 00000010H .CRT$XTZ                DATA
 0002:000002d8 00000000H .gfids$y                DATA
 0002:000002e0 00007600H .rdata                  DATA
 0002:000078e0 0000037cH .rdata$r                DATA
 0002:00007c5c 000003a4H .rdata$zzzdbg           DATA
 0002:00008000 00000008H .rtc$IAA                DATA
 0002:00008008 00000008H .rtc$IZZ                DATA
 0002:00008010 00000008H .rtc$TAA                DATA
 0002:00008018 00000008H .rtc$TZZ                DATA
 0002:00008020 000010b0H .xdata                  DATA
 0002:000090d0 000002c4H .xdata$x                DATA
 0002:00009394 00000020H .didat$2                DATA
 0002:000093b4 00000024H .didat$3                DATA
 0002:000093d8 000000d0H .didat$4                DATA
 0002:000094a8 00000288H .didat$6                DATA
 0002:00009730 000000d0H .didat$7                DATA
 0002:00009800 00000050H .edata                  DATA
 0002:00009850 00000014H .idata$2                DATA
 0002:00009864 00000014H .idata$3                DATA
 0002:00009878 00000250H .idata$4                DATA
 0002:00009ac8 0000055eH .idata$6                DATA
 0003:00000000 00000a28H .data                   DATA
 0003:00000a28 000001d0H .data$r                 DATA
 0003:00000bf8 000000d8H .didat$5                DATA
 0003:00000cd0 00001200H .bss                    DATA
 0004:00000000 00001218H .pdata                  DATA
 0005:00000000 00000060H .rsrc$01                DATA
 0005:00000060 00000180H .rsrc$02                DATA

  Address         Publics by Value              Rva+Base               Lib:Object

 0000:00000000       __hybrid_code_map_count    0000000000000000     <absolute>
 0000:00000000       __hybrid_code_map          0000000000000000     <absolute>
 0000:00000000       __guard_iat_count          0000000000000000     <absolute>
 0000:00000000       __guard_longjmp_count      0000000000000000     <absolute>
 0000:00000000       __volatile_metadata        0000000000000000     <absolute>
 0000:00000000       __guard_longjmp_table      0000000000000000     <absolute>
 0000:00000000       __guard_iat_table          0000000000000000     <absolute>
 0000:00000000       __guard_fids_count         0000000000000000     <absolute>
 0000:00000000       ___safe_se_handler_count   0000000000000000     <absolute>
 0000:00000000       __enclave_config           0000000000000000     <absolute>
 0000:00000000       ___safe_se_handler_table   0000000000000000     <absolute>
 0000:00000000       __guard_fids_table         0000000000000000     <absolute>
 0000:00000000       __hybrid_auxiliary_iat     0000000000000000     <absolute>
 0000:00000000       __dynamic_value_reloc_table 0000000000000000     <absolute>
 0000:00000100       __guard_flags              0000000000000100     <absolute>
 0000:00000000       __ImageBase                0000000180000000     <linker-defined>
 0001:00000000       ??0exception@stdext@@QEAA@AEBV01@@Z 0000000180001000 f i hello.obj
 0001:00000020       ?what@exception@stdext@@UEBAPEBDXZ 0000000180001020 f i hello.obj
 0001:00000040       ?_Doraise@exception@stdext@@MEBAXXZ 0000000180001040 f i hello.obj
 0001:00000040       _guard_check_icall_nop     0000000180001040 f i LIBCMT:guard_support.obj
 0001:00000050       ??_Eexception@stdext@@UEAAPEAXI@Z 0000000180001050 f i * CIL library *:* CIL module *
 0001:00000050       ??_Gexception@stdext@@UEAAPEAXI@Z 0000000180001050 f i hello.obj
 0001:00000080       ??1Error@Napi@@UEAA@XZ     0000000180001080 f i hello.obj
 0001:00000110       ?New@Error@Napi@@SA?AV12@PEAUnapi_env__@@@Z 0000000180001110 f i hello.obj
 0001:00000310       ??_EError@Napi@@UEAAPEAXI@Z 0000000180001310 f i * CIL library *:* CIL module *
 0001:00000310       ??_GError@Napi@@UEAAPEAXI@Z 0000000180001310 f i hello.obj
 0001:00000350       ??0Error@Napi@@QEAA@AEBV01@@Z 0000000180001350 f i hello.obj
 0001:000004b0       ?Message@Error@Napi@@QEBAAEBV?$basic_string@DU?$char_traits@D@std@@V?$allocator@D@2@@std@@XZ 00000001800014b0 f i hello.obj
 0001:000007a0       ?ThrowAsJavaScriptException@Error@Napi@@QEBAXXZ 00000001800017a0 f i hello.obj
 0001:000008a0       ?what@Error@Napi@@UEBAPEBDXZ 00000001800018a0 f i hello.obj
 0001:000008c0       ??0ObjectReference@Napi@@IEAA@AEBV01@@Z 00000001800018c0 f i hello.obj
 0001:000008c0       ??0?$Reference@VObject@Napi@@@Napi@@IEAA@AEBV01@@Z 00000001800018c0 f i hello.obj
 0001:000009f0       ?Get@ObjectReference@Napi@@QEBA?AVValue@2@PEBD@Z 00000001800019f0 f i hello.obj
 0001:00000b80       ?SayHello@@YA?AVString@Napi@@AEBVCallbackInfo@2@@Z 0000000180001b80 f   hello.obj
 0001:00000c20       ?Init@@YA?AVObject@Napi@@VEnv@2@V12@@Z 0000000180001c20 f   hello.obj
 0001:00000df0       ?__napi_Init@@YAPEAUnapi_value__@@PEAUnapi_env__@@PEAU1@@Z 0000000180001df0 f   hello.obj
 0001:00000e60       ?reserve@?$basic_string@DU?$char_traits@D@std@@V?$allocator@D@2@@std@@QEAAX_K@Z 0000000180001e60 f i hello.obj
 0001:00001020       ??$WrapCallback@V<lambda_8c7377a71108815b2eee34f099f4cb99>@@@details@Napi@@YAPEAUnapi_value__@@V<lambda_8c7377a71108815b2eee34f099f4cb99>@@@Z 0000000180002020 f i hello.obj
 0001:00001070       ??$_Reallocate_grow_by@V<lambda_e1befb086ad3257e3f042a63030725f7>@@_KD@?$basic_string@DU?$char_traits@D@std@@V?$allocator@D@2@@std@@QEAAAEAV01@_KV<lambda_e1befb086ad3257e3f042a63030725f7>@@_KD@Z 0000000180002070 f i hello.obj
 0001:000011e0       ?Wrapper@?$CallbackData@P6A?AVString@Napi@@AEBVCallbackInfo@2@@ZV12@@details@Napi@@SAPEAUnapi_value__@@PEAUnapi_env__@@PEAUnapi_callback_info__@@@Z 00000001800021e0 f i hello.obj
 0001:00001220       ?_Xlen@?$basic_string@DU?$char_traits@D@std@@V?$allocator@D@2@@std@@SAXXZ 0000000180002220 f i hello.obj
 0001:00001240       ??$WrapCallback@V<lambda_6f109283bb3487c094c6ead15e4bed03>@@@details@Napi@@YAPEAUnapi_value__@@V<lambda_6f109283bb3487c094c6ead15e4bed03>@@@Z 0000000180002240 f i hello.obj
 0001:0000146c       __imp_load_napi_create_function 000000018000246c f   node:node.exe
 0001:00001478       __tailMerge_node_exe       0000000180002478     node:node.exe
 0001:000014f1       __imp_load_napi_open_handle_scope 00000001800024f1 f   node:node.exe
 0001:000014fd       __imp_load_napi_get_last_error_info 00000001800024fd f   node:node.exe
 0001:00001509       __imp_load_napi_create_error 0000000180002509 f   node:node.exe
 0001:00001515       __imp_load_napi_delete_reference 0000000180002515 f   node:node.exe
 0001:00001521       __imp_load_napi_fatal_error 0000000180002521 f   node:node.exe
 0001:0000152d       __imp_load_napi_is_exception_pending 000000018000252d f   node:node.exe
 0001:00001539       __imp_load_napi_create_symbol 0000000180002539 f   node:node.exe
 0001:00001545       __imp_load_napi_get_value_string_utf8 0000000180002545 f   node:node.exe
 0001:00001551       __imp_load_napi_close_escapable_handle_scope 0000000180002551 f   node:node.exe
 0001:0000155d       __imp_load_napi_escape_handle 000000018000255d f   node:node.exe
 0001:00001569       __imp_load_napi_create_type_error 0000000180002569 f   node:node.exe
 0001:00001575       __imp_load_napi_create_external 0000000180002575 f   node:node.exe
 0001:00001581       __imp_load_napi_create_string_utf8 0000000180002581 f   node:node.exe
 0001:0000158d       __imp_load_napi_module_register 000000018000258d f   node:node.exe
 0001:00001599       __imp_load_napi_set_named_property 0000000180002599 f   node:node.exe
 0001:000015a5       __imp_load_napi_get_named_property 00000001800025a5 f   node:node.exe
 0001:000015b1       __imp_load_napi_define_properties 00000001800025b1 f   node:node.exe
 0001:000015bd       __imp_load_napi_throw      00000001800025bd f   node:node.exe
 0001:000015c9       __imp_load_napi_get_and_clear_last_exception 00000001800025c9 f   node:node.exe
 0001:000015d5       __imp_load_napi_get_cb_info 00000001800025d5 f   node:node.exe
 0001:000015e1       __imp_load_napi_open_escapable_handle_scope 00000001800025e1 f   node:node.exe
 0001:000015ed       __imp_load_napi_create_reference 00000001800025ed f   node:node.exe
 0001:000015f9       __imp_load_napi_close_handle_scope 00000001800025f9 f   node:node.exe
 0001:00001605       __imp_load_napi_get_reference_value 0000000180002605 f   node:node.exe
 0001:00001614       ??0bad_alloc@std@@QEAA@AEBV01@@Z 0000000180002614 f i libcpmt:xthrow.obj
 0001:00001654       ??0bad_alloc@std@@QEAA@XZ  0000000180002654 f i libcpmt:xthrow.obj
 0001:00001674       ??0exception@std@@QEAA@AEBV01@@Z 0000000180002674 f i libcpmt:xthrow.obj
 0001:000016ac       ??0length_error@std@@QEAA@AEBV01@@Z 00000001800026ac f i libcpmt:xthrow.obj
 0001:000016ec       ??0length_error@std@@QEAA@PEBD@Z 00000001800026ec f i libcpmt:xthrow.obj
 0001:00001738       ??0logic_error@std@@QEAA@AEBV01@@Z 0000000180002738 f i libcpmt:xthrow.obj
 0001:00001778       ??1bad_array_new_length@std@@UEAA@XZ 0000000180002778 f i LIBCMT:throw_bad_alloc.obj
 0001:00001778       ??1bad_exception@std@@UEAA@XZ 0000000180002778 f i libvcruntime:frame.obj
 0001:00001778       ??1length_error@std@@UEAA@XZ 0000000180002778 f i libcpmt:xthrow.obj
 0001:00001778       ??1bad_alloc@std@@UEAA@XZ  0000000180002778 f i libcpmt:xthrow.obj
 0001:0000178c       ??_Ebad_exception@std@@UEAAPEAXI@Z 000000018000278c f i libvcruntime:frame.obj
 0001:0000178c       ??_Gexception@std@@UEAAPEAXI@Z 000000018000278c f i libcpmt:xthrow.obj
 0001:0000178c       ??_Ebad_array_new_length@std@@UEAAPEAXI@Z 000000018000278c f i LIBCMT:throw_bad_alloc.obj
 0001:0000178c       ??_Ebad_alloc@std@@UEAAPEAXI@Z 000000018000278c f i libcpmt:xthrow.obj
 0001:0000178c       ??_Gbad_exception@std@@UEAAPEAXI@Z 000000018000278c f i libvcruntime:frame.obj
 0001:0000178c       ??_Glogic_error@std@@UEAAPEAXI@Z 000000018000278c f i libcpmt:xthrow.obj
 0001:0000178c       ??_Gbad_array_new_length@std@@UEAAPEAXI@Z 000000018000278c f i LIBCMT:throw_bad_alloc.obj
 0001:0000178c       ??_Eexception@std@@UEAAPEAXI@Z 000000018000278c f i libcpmt:xthrow.obj
 0001:0000178c       ??_Glength_error@std@@UEAAPEAXI@Z 000000018000278c f i libcpmt:xthrow.obj
 0001:0000178c       ??_Elogic_error@std@@UEAAPEAXI@Z 000000018000278c f i libcpmt:xthrow.obj
 0001:0000178c       ??_Elength_error@std@@UEAAPEAXI@Z 000000018000278c f i libcpmt:xthrow.obj
 0001:0000178c       ??_Gbad_alloc@std@@UEAAPEAXI@Z 000000018000278c f i libcpmt:xthrow.obj
 0001:000017d0       ?_Xlength_error@std@@YAXPEBD@Z 00000001800027d0 f   libcpmt:xthrow.obj
 0001:000017f4       ?what@exception@std@@UEBAPEBDXZ 00000001800027f4 f i libcpmt:xthrow.obj
 0001:00001820       __security_check_cookie    0000000180002820 f   LIBCMT:amdsecgs.obj
 0001:00001844       ??_V@YAXPEAX@Z             0000000180002844 f   LIBCMT:delete_array.obj
 0001:00001844       ??3@YAXPEAX_K@Z            0000000180002844 f   LIBCMT:delete_scalar_size.obj
 0001:0000184c       ??2@YAPEAX_K@Z             000000018000284c f   LIBCMT:new_scalar.obj
 0001:00001888       ??_U@YAPEAX_K@Z            0000000180002888 f   LIBCMT:new_array.obj
 0001:00001890       ??_Gtype_info@@UEAAPEAXI@Z 0000000180002890 f i LIBCMT:std_type_info_static.obj
 0001:00001890       ??_Etype_info@@UEAAPEAXI@Z 0000000180002890 f i LIBCMT:std_type_info_static.obj
 0001:00001bec       _DllMainCRTStartup         0000000180002bec f   LIBCMT:dll_dllmain.obj
 0001:00001c2c       __raise_securityfailure    0000000180002c2c f   LIBCMT:gs_report.obj
 0001:00001c60       __report_gsfailure         0000000180002c60 f   LIBCMT:gs_report.obj
 0001:00001d34       __report_rangecheckfailure 0000000180002d34 f   LIBCMT:gs_report.obj
 0001:00001d48       __report_securityfailure   0000000180002d48 f   LIBCMT:gs_report.obj
 0001:00001ec8       ??3@YAXPEAX@Z              0000000180002ec8 f   LIBCMT:delete_scalar.obj
 0001:00001ed0       ??0bad_array_new_length@std@@QEAA@AEBV01@@Z 0000000180002ed0 f i LIBCMT:throw_bad_alloc.obj
 0001:00001f10       ??0bad_array_new_length@std@@QEAA@XZ 0000000180002f10 f i LIBCMT:throw_bad_alloc.obj
 0001:00001f30       ?__scrt_throw_std_bad_alloc@@YAXXZ 0000000180002f30 f   LIBCMT:throw_bad_alloc.obj
 0001:00001f50       ?__scrt_throw_std_bad_array_new_length@@YAXXZ 0000000180002f50 f   LIBCMT:throw_bad_alloc.obj
 0001:00001f70       __security_init_cookie     0000000180002f70 f   LIBCMT:gs_support.obj
 0001:0000201c       _get_startup_argv_mode     000000018000301c f   LIBCMT:argv_mode.obj
 0001:0000201c       DllMain                    000000018000301c f   LIBCMT:dll_dllmain_stub.obj
 0001:00002024       ?__scrt_initialize_type_info@@YAXXZ 0000000180003024 f   LIBCMT:tncleanup.obj
 0001:00002034       ?__scrt_uninitialize_type_info@@YAXXZ 0000000180003034 f   LIBCMT:tncleanup.obj
 0001:00002040       __local_stdio_printf_options 0000000180003040 f i LIBCMT:default_local_stdio_options.obj
 0001:00002048       __local_stdio_scanf_options 0000000180003048 f i LIBCMT:default_local_stdio_options.obj
 0001:00002050       __scrt_initialize_default_local_stdio_options 0000000180003050 f   LIBCMT:default_local_stdio_options.obj
 0001:0000206c       __scrt_acquire_startup_lock 000000018000306c f   LIBCMT:utility.obj
 0001:000020a8       __scrt_dllmain_after_initialize_c 00000001800030a8 f   LIBCMT:utility.obj
 0001:000020dc       __scrt_dllmain_before_initialize_c 00000001800030dc f   LIBCMT:utility.obj
 0001:000020f4       __scrt_dllmain_crt_thread_attach 00000001800030f4 f   LIBCMT:utility.obj
 0001:0000211c       __scrt_dllmain_crt_thread_detach 000000018000311c f   LIBCMT:utility.obj
 0001:00002134       __scrt_dllmain_exception_filter 0000000180003134 f   LIBCMT:utility.obj
 0001:00002194       __scrt_dllmain_uninitialize_c 0000000180003194 f   LIBCMT:utility.obj
 0001:000021c4       __scrt_dllmain_uninitialize_critical 00000001800031c4 f   LIBCMT:utility.obj
 0001:000021d8       __scrt_initialize_crt      00000001800031d8 f   LIBCMT:utility.obj
 0001:00002224       __scrt_initialize_onexit_tables 0000000180003224 f   LIBCMT:utility.obj
 0001:000022fc       __scrt_is_nonwritable_in_current_image 00000001800032fc f   LIBCMT:utility.obj
 0001:00002398       __scrt_release_startup_lock 0000000180003398 f   LIBCMT:utility.obj
 0001:000023bc       __scrt_uninitialize_crt    00000001800033bc f   LIBCMT:utility.obj
 0001:000023e8       __scrt_get_dyn_tls_init_callback 00000001800033e8 f   LIBCMT:dyn_tls_init.obj
 0001:000023f0       __crt_debugger_hook        00000001800033f0 f   LIBCMT:utility_desktop.obj
 0001:000023f8       __scrt_fastfail            00000001800033f8 f   LIBCMT:utility_desktop.obj
 0001:00002544       _RTC_Initialize            0000000180003544 f   LIBCMT:initsect.obj
 0001:00002580       _RTC_Terminate             0000000180003580 f   LIBCMT:initsect.obj
 0001:000025bc       __isa_available_init       00000001800035bc f   LIBCMT:cpu_disp.obj
 0001:00002778       __scrt_is_ucrt_dll_in_use  0000000180003778 f   LIBCMT:ucrt_detection.obj
 0001:00002790       __std_exception_copy       0000000180003790 f   libvcruntime:std_exception.obj
 0001:00002820       __std_exception_destroy    0000000180003820 f   libvcruntime:std_exception.obj
 0001:00002848       _CxxThrowException         0000000180003848 f   libvcruntime:throw.obj
 0001:00002908       __C_specific_handler       0000000180003908 f   libvcruntime:riscchandler.obj
 0001:00002b14       __std_type_info_compare    0000000180003b14 f   libvcruntime:std_type_info.obj
 0001:00002b3c       __std_type_info_destroy_list 0000000180003b3c f   libvcruntime:std_type_info.obj
 0001:00002b68       __vcrt_initialize          0000000180003b68 f   libvcruntime:initialization.obj
 0001:00002b9c       __vcrt_thread_attach       0000000180003b9c f   libvcruntime:initialization.obj
 0001:00002bb0       __vcrt_thread_detach       0000000180003bb0 f   libvcruntime:initialization.obj
 0001:00002bc4       __vcrt_uninitialize        0000000180003bc4 f   libvcruntime:initialization.obj
 0001:00002be4       __vcrt_uninitialize_critical 0000000180003be4 f   libvcruntime:initialization.obj
 0001:00002c10       memset_repmovs             0000000180003c10 f   libvcruntime:memset.obj
 0001:00002c30       memset                     0000000180003c30 f   libvcruntime:memset.obj
 0001:00002dd0       _NLG_Notify                0000000180003dd0 f   libvcruntime:notify.obj
 0001:00002df0       __NLG_Dispatch2            0000000180003df0 f   libvcruntime:notify.obj
 0001:00002e00       __NLG_Return2              0000000180003e00 f   libvcruntime:notify.obj
 0001:00002e04       __except_validate_context_record 0000000180003e04 f   libvcruntime:jbcxrval.obj
 0001:00002e3c       __DestructExceptionObject  0000000180003e3c f   libvcruntime:ehhelpers.obj
 0001:00002eb0       ?_CallMemberFunction0@@YAXQEAX0@Z 0000000180003eb0 f i libvcruntime:ehhelpers.obj
 0001:00002eb4       _IsExceptionObjectToBeDestroyed 0000000180003eb4 f   libvcruntime:ehhelpers.obj
 0001:00002ee4       __AdjustPointer            0000000180003ee4 f   libvcruntime:ehhelpers.obj
 0001:00002f08       __FrameUnwindFilter        0000000180003f08 f   libvcruntime:ehhelpers.obj
 0001:00002f54       __vcrt_freefls             0000000180003f54 f   libvcruntime:per_thread_data.obj
 0001:00002f74       __vcrt_freeptd             0000000180003f74 f   libvcruntime:per_thread_data.obj
 0001:00002fc4       __vcrt_getptd              0000000180003fc4 f   libvcruntime:per_thread_data.obj
 0001:00002fe0       __vcrt_getptd_noexit       0000000180003fe0 f   libvcruntime:per_thread_data.obj
 0001:000030ac       __vcrt_initialize_ptd      00000001800040ac f   libvcruntime:per_thread_data.obj
 0001:00003100       __vcrt_uninitialize_ptd    0000000180004100 f   libvcruntime:per_thread_data.obj
 0001:00003124       __vcrt_initialize_locks    0000000180004124 f   libvcruntime:locks.obj
 0001:0000316c       __vcrt_uninitialize_locks  000000018000416c f   libvcruntime:locks.obj
 0001:0000337c       __vcrt_FlsAlloc            000000018000437c f   libvcruntime:winapi_downlevel.obj
 0001:000033c4       __vcrt_FlsFree             00000001800043c4 f   libvcruntime:winapi_downlevel.obj
 0001:0000340c       __vcrt_FlsGetValue         000000018000440c f   libvcruntime:winapi_downlevel.obj
 0001:00003454       __vcrt_FlsSetValue         0000000180004454 f   libvcruntime:winapi_downlevel.obj
 0001:000034a8       __vcrt_InitializeCriticalSectionEx 00000001800044a8 f   libvcruntime:winapi_downlevel.obj
 0001:0000350c       __vcrt_initialize_winapi_thunks 000000018000450c f   libvcruntime:winapi_downlevel.obj
 0001:0000353c       __vcrt_uninitialize_winapi_thunks 000000018000453c f   libvcruntime:winapi_downlevel.obj
 0001:0000357c       __vcrt_initialize_pure_virtual_call_handler 000000018000457c f   libvcruntime:purevirt_data.obj
 0001:0000358c       ??$_CallSETranslator@V__FrameHandler3@@@@YAHPEAUEHExceptionRecord@@PEA_KPEAU_CONTEXT@@PEAU_xDISPATCHER_CONTEXT@@PEBU_s_FuncInfo@@K1@Z 000000018000458c f i libvcruntime:risctrnsctrl.obj
 0001:000035e0       ?CatchTryBlock@__FrameHandler3@@SAPEBU_s_TryBlockMapEntry@@PEBU_s_FuncInfo@@H@Z 00000001800045e0 f   libvcruntime:risctrnsctrl.obj
 0001:00003638       ?ExecutionInCatch@__FrameHandler3@@SA_NPEAU_xDISPATCHER_CONTEXT@@PEBU_s_FuncInfo@@@Z 0000000180004638 f   libvcruntime:risctrnsctrl.obj
 0001:00003664       ?FrameUnwindToEmptyState@__FrameHandler3@@SAXPEA_KPEAU_xDISPATCHER_CONTEXT@@PEBU_s_FuncInfo@@@Z 0000000180004664 f   libvcruntime:risctrnsctrl.obj
 0001:000036c8       ?GetEstablisherFrame@__FrameHandler3@@SAPEA_KPEA_KPEAU_xDISPATCHER_CONTEXT@@PEBU_s_FuncInfo@@0@Z 00000001800046c8 f   libvcruntime:risctrnsctrl.obj
 0001:00003794       ?GetRangeOfTrysToCheck@__FrameHandler3@@SA?AU?$pair@Viterator@TryBlockMap@__FrameHandler3@@V123@@std@@AEAVTryBlockMap@1@HH@Z 0000000180004794 f   libvcruntime:risctrnsctrl.obj
 0001:000038f0       ?UnwindNestedFrames@__FrameHandler3@@SAXPEA_KPEAUEHExceptionRecord@@PEAU_CONTEXT@@0PEAXPEBU_s_FuncInfo@@HHPEBU_s_HandlerType@@PEAU_xDISPATCHER_CONTEXT@@E@Z 00000001800048f0 f   libvcruntime:risctrnsctrl.obj
 0001:00003a14       _CreateFrameInfo           0000000180004a14 f   libvcruntime:risctrnsctrl.obj
 0001:00003a50       _FindAndUnlinkFrame        0000000180004a50 f   libvcruntime:risctrnsctrl.obj
 0001:00003aa4       _GetImageBase              0000000180004aa4 f   libvcruntime:risctrnsctrl.obj
 0001:00003ab8       _GetThrowImageBase         0000000180004ab8 f   libvcruntime:risctrnsctrl.obj
 0001:00003acc       _SetImageBase              0000000180004acc f   libvcruntime:risctrnsctrl.obj
 0001:00003ae4       _SetThrowImageBase         0000000180004ae4 f   libvcruntime:risctrnsctrl.obj
 0001:00003afc       __CxxFrameHandler3         0000000180004afc f   libvcruntime:risctrnsctrl.obj
 0001:00003b90       memcpy_repmovs             0000000180004b90 f   libvcruntime:memcpy.obj
 0001:00003bb0       memmove                    0000000180004bb0 f   libvcruntime:memcpy.obj
 0001:00003bb0       memcpy                     0000000180004bb0 f   libvcruntime:memcpy.obj
 0001:00003fe8       ?GetCurrentState@__FrameHandler3@@SAHPEA_KPEAU_xDISPATCHER_CONTEXT@@PEBU_s_FuncInfo@@@Z 0000000180004fe8 f   libvcruntime:ehstate.obj
 0001:00004010       ?GetUnwindTryBlock@__FrameHandler3@@SAHPEA_KPEAU_xDISPATCHER_CONTEXT@@PEBU_s_FuncInfo@@@Z 0000000180005010 f   libvcruntime:ehstate.obj
 0001:0000403c       ?SetState@__FrameHandler3@@SAXPEA_KPEBU_s_FuncInfo@@H@Z 000000018000503c f   libvcruntime:ehstate.obj
 0001:00004048       ?SetUnwindTryBlock@__FrameHandler3@@SAXPEA_KPEAU_xDISPATCHER_CONTEXT@@PEBU_s_FuncInfo@@H@Z 0000000180005048 f   libvcruntime:ehstate.obj
 0001:00004084       ?StateFromControlPc@__FrameHandler3@@SAHPEBU_s_FuncInfo@@PEAU_xDISPATCHER_CONTEXT@@@Z 0000000180005084 f   libvcruntime:ehstate.obj
 0001:0000408c       ?StateFromIp@__FrameHandler3@@SAHPEBU_s_FuncInfo@@PEAU_xDISPATCHER_CONTEXT@@_K@Z 000000018000508c f   libvcruntime:ehstate.obj
 0001:00004b18       ??$TypeMatchHelper@V__FrameHandler3@@@@YAHPEBU_s_HandlerType@@PEBU_s_CatchableType@@PEBU_s_ThrowInfo@@@Z 0000000180005b18 f i libvcruntime:frame.obj
 0001:00004c5c       ??$__InternalCxxFrameHandler@V__FrameHandler3@@@@YA?AW4_EXCEPTION_DISPOSITION@@PEAUEHExceptionRecord@@PEA_KPEAU_CONTEXT@@PEAU_xDISPATCHER_CONTEXT@@PEBU_s_FuncInfo@@H1E@Z 0000000180005c5c f i libvcruntime:frame.obj
 0001:00004ea4       ??0bad_exception@std@@QEAA@AEBV01@@Z 0000000180005ea4 f i libvcruntime:frame.obj
 0001:00004ee4       ??0bad_exception@std@@QEAA@XZ 0000000180005ee4 f i libvcruntime:frame.obj
 0001:00004f04       ?CxxCallCatchBlock@__FrameHandler3@@SAPEAXPEAU_EXCEPTION_RECORD@@@Z 0000000180005f04 f   libvcruntime:frame.obj
 0001:00005178       ?FrameUnwindToState@__FrameHandler3@@SAXPEA_KPEAU_xDISPATCHER_CONTEXT@@PEBU_s_FuncInfo@@H@Z 0000000180006178 f   libvcruntime:frame.obj
 0001:0000530c       ?GetHandlerSearchState@__FrameHandler3@@SAHPEA_KPEAU_xDISPATCHER_CONTEXT@@PEBU_s_FuncInfo@@@Z 000000018000630c f i libvcruntime:frame.obj
 0001:00005510       ?_CallMemberFunction1@@YAXQEAX00@Z 0000000180006510 f i libvcruntime:frame.obj
 0001:0000551c       ?_CallMemberFunction2@@YAXQEAX00H@Z 000000018000651c f i libvcruntime:frame.obj
 0001:00005540       _CallSettingFrame          0000000180006540 f   libvcruntime:handlers.obj
 0001:00005590       _CallSettingFrameEncoded   0000000180006590 f   libvcruntime:handlers.obj
 0001:000055d8       __acrt_call_reportfault    00000001800065d8 f   libucrt:invalid_parameter.obj
 0001:00005734       __acrt_initialize_invalid_parameter_handler 0000000180006734 f   libucrt:invalid_parameter.obj
 0001:0000573c       _invalid_parameter         000000018000673c f   libucrt:invalid_parameter.obj
 0001:000057ec       _invalid_parameter_noinfo  00000001800067ec f   libucrt:invalid_parameter.obj
 0001:0000580c       _invalid_parameter_noinfo_noreturn 000000018000680c f   libucrt:invalid_parameter.obj
 0001:0000583c       _invoke_watson             000000018000683c f   libucrt:invalid_parameter.obj
 0001:00005884       ??0_LocaleUpdate@@QEAA@QEAU__crt_locale_pointers@@@Z 0000000180006884 f i libucrt:stricmp.obj
 0001:00005920       __ascii_stricmp            0000000180006920 f   libucrt:stricmp.obj
 0001:00005960       _stricmp                   0000000180006960 f   libucrt:stricmp.obj
 0001:000059a8       _stricmp_l                 00000001800069a8 f   libucrt:stricmp.obj
 0001:00005a5c       __acrt_initialize_new_handler 0000000180006a5c f   libucrt:new_handler.obj
 0001:00005a64       _callnewh                  0000000180006a64 f   libucrt:new_handler.obj
 0001:00005a94       _query_new_handler         0000000180006a94 f   libucrt:new_handler.obj
 0001:00005ac8       malloc                     0000000180006ac8 f   libucrt:malloc.obj
 0001:00005ad0       _initterm                  0000000180006ad0 f   libucrt:initterm.obj
 0001:00005b34       _initterm_e                0000000180006b34 f   libucrt:initterm.obj
 0001:00005b74       free                       0000000180006b74 f   libucrt:free.obj
 0001:00005b88       _seh_filter_dll            0000000180006b88 f   libucrt:exception_filter.obj
 0001:00005b9c       _seh_filter_exe            0000000180006b9c f   libucrt:exception_filter.obj
 0001:00005f8c       __acrt_initialize_thread_local_exit_callback 0000000180006f8c f   libucrt:exit.obj
 0001:00005f94       _cexit                     0000000180006f94 f   libucrt:exit.obj
 0001:00005fa4       _exit                      0000000180006fa4 f   libucrt:exit.obj
 0001:00005fb0       _is_c_termination_complete 0000000180006fb0 f   libucrt:exit.obj
 0001:0000617c       __acrt_allocate_buffer_for_argv 000000018000717c f   libucrt:argv_parsing.obj
 0001:000061dc       _configure_narrow_argv     00000001800071dc f   libucrt:argv_parsing.obj
 0001:00006554       __dcrt_uninitialize_environments_nolock 0000000180007554 f   libucrt:environment_initialization.obj
 0001:0000658c       _initialize_narrow_environment 000000018000758c f   libucrt:environment_initialization.obj
 0001:000066e8       _execute_onexit_table      00000001800076e8 f   libucrt:onexit.obj
 0001:00006724       _initialize_onexit_table   0000000180007724 f   libucrt:onexit.obj
 0001:00006784       __acrt_uninitialize_command_line 0000000180007784 f   libucrt:argv_data.obj
 0001:0000687c       __acrt_initialize          000000018000787c f   libucrt:initialization.obj
 0001:00006890       __acrt_thread_attach       0000000180007890 f   libucrt:initialization.obj
 0001:000068a4       __acrt_thread_detach       00000001800078a4 f   libucrt:initialization.obj
 0001:000068b4       __acrt_uninitialize        00000001800078b4 f   libucrt:initialization.obj
 0001:000068ec       __acrt_uninitialize_critical 00000001800078ec f   libucrt:initialization.obj
 0001:000068fc       terminate                  00000001800078fc f   libucrt:terminate.obj
 0001:0000691c       strcpy_s                   000000018000791c f   libucrt:strcpy_s.obj
 0001:00006990       strncmp                    0000000180007990 f   libucrt:strncmp.obj
 0001:00006a10       abort                      0000000180007a10 f   libucrt:abort.obj
 0001:00006a68       calloc                     0000000180007a68 f   libucrt:calloc.obj
 0001:00006a70       wcsncmp                    0000000180007a70 f   libucrt:wcsncmp.obj
 0001:00006e14       __acrt_freeptd             0000000180007e14 f   libucrt:per_thread_data.obj
 0001:00006e58       __acrt_getptd              0000000180007e58 f   libucrt:per_thread_data.obj
 0001:00006f2c       __acrt_getptd_head         0000000180007f2c f   libucrt:per_thread_data.obj
 0001:00006fd4       __acrt_getptd_noexit       0000000180007fd4 f   libucrt:per_thread_data.obj
 0001:000070a0       __acrt_initialize_ptd      00000001800080a0 f   libucrt:per_thread_data.obj
 0001:000070dc       __acrt_uninitialize_ptd    00000001800080dc f   libucrt:per_thread_data.obj
 0001:00007160       _tolower_l                 0000000180008160 f   libucrt:tolower_toupper.obj
 0001:000072a0       __acrt_errno_from_os_error 00000001800082a0 f   libucrt:errno.obj
 0001:000072e8       __acrt_errno_map_os_error  00000001800082e8 f   libucrt:errno.obj
 0001:00007338       __doserrno                 0000000180008338 f   libucrt:errno.obj
 0001:00007358       _errno                     0000000180008358 f   libucrt:errno.obj
 0001:00007378       __acrt_update_locale_info  0000000180008378 f   libucrt:locale_update.obj
 0001:000073ac       __acrt_update_multibyte_info 00000001800083ac f   libucrt:locale_update.obj
 0001:00007450       __acrt_set_locale_changed  0000000180008450 f   libucrt:wsetlocale.obj
 0001:0000745c       __acrt_uninitialize_locale 000000018000845c f   libucrt:wsetlocale.obj
 0001:0000748c       __acrt_initialize_locks    000000018000848c f   libucrt:locks.obj
 0001:000074d4       __acrt_lock                00000001800084d4 f   libucrt:locks.obj
 0001:000074f0       __acrt_uninitialize_locks  00000001800084f0 f   libucrt:locks.obj
 0001:00007528       __acrt_unlock              0000000180008528 f   libucrt:locks.obj
 0001:00007544       _malloc_base               0000000180008544 f   libucrt:malloc_base.obj
 0001:000075a4       _free_base                 00000001800085a4 f   libucrt:free_base.obj
 0001:000075e4       __acrt_get_process_end_policy 00000001800085e4 f   libucrt:win_policies.obj
 0001:00007620       _calloc_base               0000000180008620 f   libucrt:calloc_base.obj
 0001:000076ac       ??$__acrt_mbs_to_wcs_cp@U__crt_win32_buffer_internal_dynamic_resizing@@@@YAHQEBDAEAV?$__crt_win32_buffer@_WU__crt_win32_buffer_internal_dynamic_resizing@@@@I@Z 00000001800086ac f i libucrt:argv_wildcards.obj
 0001:00007824       ??$__acrt_wcs_to_mbs_cp@U__crt_win32_buffer_internal_dynamic_resizing@@@@YAHQEB_WAEAV?$__crt_win32_buffer@DU__crt_win32_buffer_internal_dynamic_resizing@@@@I@Z 0000000180008824 f i libucrt:argv_wildcards.obj
 0001:00008054       __acrt_expand_narrow_argv_wildcards 0000000180009054 f   libucrt:argv_wildcards.obj
 0001:0000805c       ??$__acrt_wcs_to_mbs_cp@U__crt_win32_buffer_no_resizing@@@@YAHQEB_WAEAV?$__crt_win32_buffer@DU__crt_win32_buffer_no_resizing@@@@I@Z 000000018000905c f i libucrt:getmodulefilenamea.obj
 0001:00008170       __acrt_GetModuleFileNameA  0000000180009170 f   libucrt:getmodulefilenamea.obj
 0001:000089bc       __acrt_initialize_multibyte 00000001800099bc f   libucrt:mbctype.obj
 0001:00008a1c       __acrt_update_thread_multibyte_data 0000000180009a1c f   libucrt:mbctype.obj
 0001:00008a38       _setmbcp_nolock            0000000180009a38 f   libucrt:mbctype.obj
 0001:00008d6c       _ismbblead                 0000000180009d6c f   libucrt:ismbbyte.obj
 0001:00008d80       __acrt_initialize_command_line 0000000180009d80 f   libucrt:argv_data.obj
 0001:00008da8       __acrt_MultiByteToWideChar 0000000180009da8 f   libucrt:multibytetowidechar.obj
 0001:00008e04       __acrt_WideCharToMultiByte 0000000180009e04 f   libucrt:widechartomultibyte.obj
 0001:00008e9c       __dcrt_get_narrow_environment_from_os 0000000180009e9c f   libucrt:get_environment_from_os.obj
 0001:00008fa0       _recalloc_base             0000000180009fa0 f   libucrt:recalloc.obj
 0001:00009210       __acrt_AppPolicyGetProcessTerminationMethodInternal 000000018000a210 f   libucrt:winapi_thunks.obj
 0001:00009260       __acrt_AreFileApisANSI     000000018000a260 f   libucrt:winapi_thunks.obj
 0001:0000929c       __acrt_FlsAlloc            000000018000a29c f   libucrt:winapi_thunks.obj
 0001:000092e4       __acrt_FlsFree             000000018000a2e4 f   libucrt:winapi_thunks.obj
 0001:0000932c       __acrt_FlsGetValue         000000018000a32c f   libucrt:winapi_thunks.obj
 0001:00009374       __acrt_FlsSetValue         000000018000a374 f   libucrt:winapi_thunks.obj
 0001:000093c8       __acrt_InitializeCriticalSectionEx 000000018000a3c8 f   libucrt:winapi_thunks.obj
 0001:0000942c       __acrt_LCMapStringEx       000000018000a42c f   libucrt:winapi_thunks.obj
 0001:00009508       __acrt_LocaleNameToLCID    000000018000a508 f   libucrt:winapi_thunks.obj
 0001:00009558       __acrt_initialize_winapi_thunks 000000018000a558 f   libucrt:winapi_thunks.obj
 0001:0000958c       __acrt_uninitialize_winapi_thunks 000000018000a58c f   libucrt:winapi_thunks.obj
 0001:000095d0       __acrt_initialize_heap     000000018000a5d0 f   libucrt:heap_handle.obj
 0001:000095ec       __acrt_uninitialize_heap   000000018000a5ec f   libucrt:heap_handle.obj
 0001:000097f4       __acrt_initialize_lowio    000000018000a7f4 f   libucrt:ioinit.obj
 0001:00009830       __acrt_uninitialize_lowio  000000018000a830 f   libucrt:ioinit.obj
 0001:00009870       __acrt_execute_initializers 000000018000a870 f   libucrt:shared_initialization.obj
 0001:000098f0       __acrt_execute_uninitializers 000000018000a8f0 f   libucrt:shared_initialization.obj
 0001:00009974       __acrt_get_sigabrt_handler 000000018000a974 f   libucrt:signal.obj
 0001:000099a4       __acrt_initialize_signal_handlers 000000018000a9a4 f   libucrt:signal.obj
 0001:000099c4       raise                      000000018000a9c4 f   libucrt:signal.obj
 0001:00009c30       __acrt_has_user_matherr    000000018000ac30 f   libucrt:matherr.obj
 0001:00009c50       __acrt_initialize_user_matherr 000000018000ac50 f   libucrt:matherr.obj
 0001:00009c58       __acrt_invoke_user_matherr 000000018000ac58 f   libucrt:matherr.obj
 0001:00009e64       __acrt_stdio_flush_nolock  000000018000ae64 f   libucrt:fflush.obj
 0001:00009ee0       _fflush_nolock             000000018000aee0 f   libucrt:fflush.obj
 0001:00009f2c       _flushall                  000000018000af2c f   libucrt:fflush.obj
 0001:00009f34       __acrt_initialize_stdio    000000018000af34 f   libucrt:_file.obj
 0001:0000a054       __acrt_uninitialize_stdio  000000018000b054 f   libucrt:_file.obj
 0001:0000a0b0       _lock_file                 000000018000b0b0 f   libucrt:_file.obj
 0001:0000a0bc       _unlock_file               000000018000b0bc f   libucrt:_file.obj
 0001:0000a0c8       _mbtowc_l                  000000018000b0c8 f   libucrt:mbtowc.obj
 0001:0000a244       mbtowc                     000000018000b244 f   libucrt:mbtowc.obj
 0001:0000a24c       _fileno                    000000018000b24c f   libucrt:fileno.obj
 0001:0000a274       __pctype_func              000000018000b274 f   libucrt:ctype.obj
 0001:0000a2a4       _isctype_l                 000000018000b2a4 f   libucrt:isctype.obj
 0001:0000a3b4       __acrt_add_locale_ref      000000018000b3b4 f   libucrt:locale_refcounting.obj
 0001:0000a440       __acrt_free_locale         000000018000b440 f   libucrt:locale_refcounting.obj
 0001:0000a5b8       __acrt_locale_add_lc_time_reference 000000018000b5b8 f   libucrt:locale_refcounting.obj
 0001:0000a5e0       __acrt_locale_free_lc_time_if_unreferenced 000000018000b5e0 f   libucrt:locale_refcounting.obj
 0001:0000a618       __acrt_locale_release_lc_time_reference 000000018000b618 f   libucrt:locale_refcounting.obj
 0001:0000a640       __acrt_release_locale_ref  000000018000b640 f   libucrt:locale_refcounting.obj
 0001:0000a6e8       __acrt_update_thread_locale_data 000000018000b6e8 f   libucrt:locale_refcounting.obj
 0001:0000a758       _updatetlocinfoEx_nolock   000000018000b758 f   libucrt:locale_refcounting.obj
 0001:0000a7c0       _isleadbyte_l              000000018000b7c0 f i libucrt:_wctype.obj
 0001:0000ab24       __acrt_LCMapStringA        000000018000bb24 f   libucrt:lcmapstringa.obj
 0001:0000abbc       __acrt_locale_free_monetary 000000018000bbbc f   libucrt:initmon.obj
 0001:0000acc8       __acrt_locale_free_numeric 000000018000bcc8 f   libucrt:initnum.obj
 0001:0000ad8c       __acrt_locale_free_time    000000018000bd8c f   libucrt:inittime.obj
 0001:0000ae94       __acrt_GetStringTypeA      000000018000be94 f   libucrt:getstringtypea.obj
 0001:0000b024       _query_new_mode            000000018000c024 f   libucrt:new_mode.obj
 0001:0000b030       qsort                      000000018000c030 f   libucrt:qsort.obj
 0001:0000b3f0       strncpy_s                  000000018000c3f0 f   libucrt:strncpy_s.obj
 0001:0000b570       strpbrk                    000000018000c570 f   libucrt:strpbrk.obj
 0001:0000b950       _mbsdec                    000000018000c950 f   libucrt:mbsdec.obj
 0001:0000b958       _mbsdec_l                  000000018000c958 f   libucrt:mbsdec.obj
 0001:0000ba04       _msize_base                000000018000ca04 f   libucrt:msize.obj
 0001:0000ba40       _realloc_base              000000018000ca40 f   libucrt:realloc_base.obj
 0001:0000bba4       __acrt_DownlevelLocaleNameToLCID 000000018000cba4 f   libucrt:lcidtoname_downlevel.obj
 0001:0000bbd8       __acrt_lowio_create_handle_array 000000018000cbd8 f   libucrt:osfinfo.obj
 0001:0000bc80       __acrt_lowio_destroy_handle_array 000000018000cc80 f   libucrt:osfinfo.obj
 0001:0000bcd0       __acrt_lowio_ensure_fh_exists 000000018000ccd0 f   libucrt:osfinfo.obj
 0001:0000bd78       __acrt_lowio_lock_fh       000000018000cd78 f   libucrt:osfinfo.obj
 0001:0000bda0       __acrt_lowio_unlock_fh     000000018000cda0 f   libucrt:osfinfo.obj
 0001:0000bdc8       _free_osfhnd               000000018000cdc8 f   libucrt:osfinfo.obj
 0001:0000be84       _get_osfhandle             000000018000ce84 f   libucrt:osfinfo.obj
 0001:0000bf88       _commit                    000000018000cf88 f   libucrt:commit.obj
 0001:0000c888       _write                     000000018000d888 f   libucrt:write.obj
 0001:0000c974       _write_nolock              000000018000d974 f   libucrt:write.obj
 0001:0000cc50       _fcloseall                 000000018000dc50 f   libucrt:closeall.obj
 0001:0000cd04       __acrt_stdio_free_buffer_nolock 000000018000dd04 f   libucrt:_freebuf.obj
 0001:0000cd44       _isatty                    000000018000dd44 f   libucrt:isatty.obj
 0001:0000cda4       ?__mbrtowc_utf8@__crt_mbstring@@YA_KPEA_WPEBD_KPEAU_Mbstatet@@@Z 000000018000dda4 f   libucrt:mbrtowc.obj
 0001:0000cde0       ?__mbsrtowcs_utf8@__crt_mbstring@@YA_KPEA_WPEAPEBD_KPEAU_Mbstatet@@@Z 000000018000dde0 f   libucrt:mbrtowc.obj
 0001:0000cf58       __strncnt                  000000018000df58 f   libucrt:strncnt.obj
 0001:0000cf70       _query_app_type            000000018000df70 f   libucrt:report_runtime_error.obj
 0001:0000d014       _lseeki64_nolock           000000018000e014 f   libucrt:lseek.obj
 0001:0000d01c       _putwch_nolock             000000018000e01c f   libucrt:putwch.obj
 0001:0000d058       _fclose_nolock             000000018000e058 f   libucrt:fclose.obj
 0001:0000d0dc       fclose                     000000018000e0dc f   libucrt:fclose.obj
 0001:0000d140       ?__mbrtoc32_utf8@__crt_mbstring@@YA_KPEA_UPEBD_KPEAU_Mbstatet@@@Z 000000018000e140 f   libucrt:mbrtoc32.obj
 0001:0000d320       log10                      000000018000e320 f   libucrt:log10.obj
 0001:0000d8cc       __dcrt_lowio_ensure_console_output_initialized 000000018000e8cc f   libucrt:initcon.obj
 0001:0000d920       __dcrt_terminate_console_output 000000018000e920 f   libucrt:initcon.obj
 0001:0000d93c       __dcrt_write_console       000000018000e93c f   libucrt:initcon.obj
 0001:0000da70       _close                     000000018000ea70 f   libucrt:close.obj
 0001:0000db14       _close_nolock              000000018000eb14 f   libucrt:close.obj
 0001:0000dbd4       ?__acrt_stdio_free_stream@@YAXV__crt_stdio_stream@@@Z 000000018000ebd4 f   libucrt:stream.obj
 0001:0000dd14       _handle_error              000000018000ed14 f   libucrt:libm_error.obj
 0001:0000de40       __acrt_initialize_fma3     000000018000ee40 f   libucrt:fma3_available.obj
 0001:0000deb0       _log10_special             000000018000eeb0 f   libucrt:log_special.obj
 0001:0000df80       _get_fpsr                  000000018000ef80 f   libucrt:fpsr.obj
 0001:0000df90       _set_fpsr                  000000018000ef90 f   libucrt:fpsr.obj
 0001:0000df9a       _fclrf                     000000018000ef9a f   libucrt:fpsr.obj
 0001:0000dfae       _frnd                      000000018000efae f   libucrt:fpsr.obj
 0001:0000dfd0       _raise_exc                 000000018000efd0 f   libucrt:fpexcept.obj
 0001:0000dff8       _raise_exc_ex              000000018000eff8 f   libucrt:fpexcept.obj
 0001:0000e308       _set_errno_from_matherr    000000018000f308 f   libucrt:fpexcept.obj
 0001:0000e338       _clrfp                     000000018000f338 f   libucrt:fpctrl.obj
 0001:0000e358       _ctrlfp                    000000018000f358 f   libucrt:fpctrl.obj
 0001:0000e3d4       _set_statfp                000000018000f3d4 f   libucrt:fpctrl.obj
 0001:0000e3f4       _statfp                    000000018000f3f4 f   libucrt:fpctrl.obj
 0001:0000e405       IsProcessorFeaturePresent  000000018000f405 f   kernel32:KERNEL32.dll
 0001:0000e40c       ?DloadAcquireSectionWriteAccess@@YAXXZ 000000018000f40c f i DelayImp:delayhlp.obj
 0001:0000e4b8       ?DloadGetSRWLockFunctionPointers@@YAEXZ 000000018000f4b8 f i DelayImp:delayhlp.obj
 0001:0000e554       ?DloadMakePermanentImageCommit@@YAXPEAX_K@Z 000000018000f554 f i DelayImp:delayhlp.obj
 0001:0000e5ec       ?DloadObtainSection@@YAPEAXPEAK0@Z 000000018000f5ec f i DelayImp:delayhlp.obj
 0001:0000e688       ?DloadProtectSection@@YAXKPEAK@Z 000000018000f688 f i DelayImp:delayhlp.obj
 0001:0000e718       ?DloadReleaseSectionWriteAccess@@YAXXZ 000000018000f718 f i DelayImp:delayhlp.obj
 0001:0000e7ac       __delayLoadHelper2         000000018000f7ac f   DelayImp:delayhlp.obj
 0001:0000ea70       _FindPESection             000000018000fa70 f   LIBCMT:pesect.obj
 0001:0000eac0       _IsNonwritableInCurrentImage 000000018000fac0 f   LIBCMT:pesect.obj
 0001:0000eb10       _ValidateImageBase         000000018000fb10 f   LIBCMT:pesect.obj
 0001:0000eb40       __GSHandlerCheck           000000018000fb40 f   LIBCMT:gshandler.obj
 0001:0000eb60       __GSHandlerCheckCommon     000000018000fb60 f   LIBCMT:gshandler.obj
 0001:0000ebd0       _alloca_probe              000000018000fbd0 f   LIBCMT:chkstk.obj
 0001:0000ebd0       __chkstk                   000000018000fbd0 f   LIBCMT:chkstk.obj
 0001:0000ec40       memcmp                     000000018000fc40 f   libvcruntime:memcmp.obj
 0001:0000ed08       __GSHandlerCheck_EH        000000018000fd08 f   LIBCMT:gshandlereh.obj
 0001:0000eda0       _guard_dispatch_icall_nop  000000018000fda0 f   LIBCMT:guard_dispatch.obj
 0002:00000000       __imp_GetModuleHandleA     0000000180011000     kernel32:KERNEL32.dll
 0002:00000008       __imp_LoadLibraryExA       0000000180011008     kernel32:KERNEL32.dll
 0002:00000010       __imp_RtlCaptureContext    0000000180011010     kernel32:KERNEL32.dll
 0002:00000018       __imp_RtlLookupFunctionEntry 0000000180011018     kernel32:KERNEL32.dll
 0002:00000020       __imp_RtlVirtualUnwind     0000000180011020     kernel32:KERNEL32.dll
 0002:00000028       __imp_UnhandledExceptionFilter 0000000180011028     kernel32:KERNEL32.dll
 0002:00000030       __imp_SetUnhandledExceptionFilter 0000000180011030     kernel32:KERNEL32.dll
 0002:00000038       __imp_GetCurrentProcess    0000000180011038     kernel32:KERNEL32.dll
 0002:00000040       __imp_TerminateProcess     0000000180011040     kernel32:KERNEL32.dll
 0002:00000048       __imp_IsProcessorFeaturePresent 0000000180011048     kernel32:KERNEL32.dll
 0002:00000050       __imp_QueryPerformanceCounter 0000000180011050     kernel32:KERNEL32.dll
 0002:00000058       __imp_GetCurrentProcessId  0000000180011058     kernel32:KERNEL32.dll
 0002:00000060       __imp_GetCurrentThreadId   0000000180011060     kernel32:KERNEL32.dll
 0002:00000068       __imp_GetSystemTimeAsFileTime 0000000180011068     kernel32:KERNEL32.dll
 0002:00000070       __imp_InitializeSListHead  0000000180011070     kernel32:KERNEL32.dll
 0002:00000078       __imp_IsDebuggerPresent    0000000180011078     kernel32:KERNEL32.dll
 0002:00000080       __imp_GetStartupInfoW      0000000180011080     kernel32:KERNEL32.dll
 0002:00000088       __imp_GetModuleHandleW     0000000180011088     kernel32:KERNEL32.dll
 0002:00000090       __imp_RtlPcToFileHeader    0000000180011090     kernel32:KERNEL32.dll
 0002:00000098       __imp_RaiseException       0000000180011098     kernel32:KERNEL32.dll
 0002:000000a0       __imp_RtlUnwindEx          00000001800110a0     kernel32:KERNEL32.dll
 0002:000000a8       __imp_InterlockedFlushSList 00000001800110a8     kernel32:KERNEL32.dll
 0002:000000b0       __imp_GetLastError         00000001800110b0     kernel32:KERNEL32.dll
 0002:000000b8       __imp_SetLastError         00000001800110b8     kernel32:KERNEL32.dll
 0002:000000c0       __imp_EnterCriticalSection 00000001800110c0     kernel32:KERNEL32.dll
 0002:000000c8       __imp_LeaveCriticalSection 00000001800110c8     kernel32:KERNEL32.dll
 0002:000000d0       __imp_DeleteCriticalSection 00000001800110d0     kernel32:KERNEL32.dll
 0002:000000d8       __imp_InitializeCriticalSectionAndSpinCount 00000001800110d8     kernel32:KERNEL32.dll
 0002:000000e0       __imp_TlsAlloc             00000001800110e0     kernel32:KERNEL32.dll
 0002:000000e8       __imp_TlsGetValue          00000001800110e8     kernel32:KERNEL32.dll
 0002:000000f0       __imp_TlsSetValue          00000001800110f0     kernel32:KERNEL32.dll
 0002:000000f8       __imp_TlsFree              00000001800110f8     kernel32:KERNEL32.dll
 0002:00000100       __imp_FreeLibrary          0000000180011100     kernel32:KERNEL32.dll
 0002:00000108       __imp_GetProcAddress       0000000180011108     kernel32:KERNEL32.dll
 0002:00000110       __imp_LoadLibraryExW       0000000180011110     kernel32:KERNEL32.dll
 0002:00000118       __imp_EncodePointer        0000000180011118     kernel32:KERNEL32.dll
 0002:00000120       __imp_ExitProcess          0000000180011120     kernel32:KERNEL32.dll
 0002:00000128       __imp_GetModuleHandleExW   0000000180011128     kernel32:KERNEL32.dll
 0002:00000130       __imp_GetModuleFileNameW   0000000180011130     kernel32:KERNEL32.dll
 0002:00000138       __imp_HeapAlloc            0000000180011138     kernel32:KERNEL32.dll
 0002:00000140       __imp_HeapFree             0000000180011140     kernel32:KERNEL32.dll
 0002:00000148       __imp_FindClose            0000000180011148     kernel32:KERNEL32.dll
 0002:00000150       __imp_FindFirstFileExW     0000000180011150     kernel32:KERNEL32.dll
 0002:00000158       __imp_FindNextFileW        0000000180011158     kernel32:KERNEL32.dll
 0002:00000160       __imp_IsValidCodePage      0000000180011160     kernel32:KERNEL32.dll
 0002:00000168       __imp_GetACP               0000000180011168     kernel32:KERNEL32.dll
 0002:00000170       __imp_GetOEMCP             0000000180011170     kernel32:KERNEL32.dll
 0002:00000178       __imp_GetCPInfo            0000000180011178     kernel32:KERNEL32.dll
 0002:00000180       __imp_GetCommandLineA      0000000180011180     kernel32:KERNEL32.dll
 0002:00000188       __imp_GetCommandLineW      0000000180011188     kernel32:KERNEL32.dll
 0002:00000190       __imp_MultiByteToWideChar  0000000180011190     kernel32:KERNEL32.dll
 0002:00000198       __imp_WideCharToMultiByte  0000000180011198     kernel32:KERNEL32.dll
 0002:000001a0       __imp_GetEnvironmentStringsW 00000001800111a0     kernel32:KERNEL32.dll
 0002:000001a8       __imp_FreeEnvironmentStringsW 00000001800111a8     kernel32:KERNEL32.dll
 0002:000001b0       __imp_LCMapStringW         00000001800111b0     kernel32:KERNEL32.dll
 0002:000001b8       __imp_GetProcessHeap       00000001800111b8     kernel32:KERNEL32.dll
 0002:000001c0       __imp_GetStdHandle         00000001800111c0     kernel32:KERNEL32.dll
 0002:000001c8       __imp_GetFileType          00000001800111c8     kernel32:KERNEL32.dll
 0002:000001d0       __imp_GetStringTypeW       00000001800111d0     kernel32:KERNEL32.dll
 0002:000001d8       __imp_HeapSize             00000001800111d8     kernel32:KERNEL32.dll
 0002:000001e0       __imp_HeapReAlloc          00000001800111e0     kernel32:KERNEL32.dll
 0002:000001e8       __imp_SetStdHandle         00000001800111e8     kernel32:KERNEL32.dll
 0002:000001f0       __imp_FlushFileBuffers     00000001800111f0     kernel32:KERNEL32.dll
 0002:000001f8       __imp_WriteFile            00000001800111f8     kernel32:KERNEL32.dll
 0002:00000200       __imp_GetConsoleCP         0000000180011200     kernel32:KERNEL32.dll
 0002:00000208       __imp_GetConsoleMode       0000000180011208     kernel32:KERNEL32.dll
 0002:00000210       __imp_SetFilePointerEx     0000000180011210     kernel32:KERNEL32.dll
 0002:00000218       __imp_CreateFileW          0000000180011218     kernel32:KERNEL32.dll
 0002:00000220       __imp_CloseHandle          0000000180011220     kernel32:KERNEL32.dll
 0002:00000228       __imp_WriteConsoleW        0000000180011228     kernel32:KERNEL32.dll
 0002:00000230       __imp_GetSystemInfo        0000000180011230     kernel32:KERNEL32.dll
 0002:00000238       __imp_VirtualProtect       0000000180011238     kernel32:KERNEL32.dll
 0002:00000240       __imp_VirtualQuery         0000000180011240     kernel32:KERNEL32.dll
 0002:00000248       \177KERNEL32_NULL_THUNK_DATA 0000000180011248     kernel32:KERNEL32.dll
 0002:00000250       __guard_check_icall_fptr   0000000180011250     LIBCMT:guard_support.obj
 0002:00000258       __guard_dispatch_icall_fptr 0000000180011258     LIBCMT:guard_support.obj
 0002:00000260       __xc_a                     0000000180011260     LIBCMT:initializers.obj
 0002:00000268       _register_addon_           0000000180011268     hello.obj
 0002:00000270       __xc_z                     0000000180011270     LIBCMT:initializers.obj
 0002:00000278       __xi_a                     0000000180011278     LIBCMT:initializers.obj
 0002:00000280       __acrt_multibyte_initializer 0000000180011280     libucrt:multibyte_initializer.obj
 0002:00000288       __acrt_stdio_initializer   0000000180011288     libucrt:stdio_initializer.obj
 0002:00000290       __acrt_tran_fma3_initializer 0000000180011290     libucrt:fma3_initializer.obj
 0002:00000298       __xi_z                     0000000180011298     LIBCMT:initializers.obj
 0002:000002a0       __xp_a                     00000001800112a0     LIBCMT:initializers.obj
 0002:000002a8       __acrt_locale_terminator   00000001800112a8     libucrt:locale_initializer.obj
 0002:000002b0       __dcrt_console_output_terminator 00000001800112b0     libucrt:console_output_initializer.obj
 0002:000002b8       __acrt_stdio_terminator    00000001800112b8     libucrt:stdio_initializer.obj
 0002:000002c0       __xp_z                     00000001800112c0     LIBCMT:initializers.obj
 0002:000002c8       __xt_a                     00000001800112c8     LIBCMT:initializers.obj
 0002:000002d0       __xt_z                     00000001800112d0     LIBCMT:initializers.obj
 0002:000002e0       __sz_node_exe              00000001800112e0     node:node.exe
 0002:000002f8       ??_7exception@std@@6B@     00000001800112f8     libcpmt:xthrow.obj
 0002:00000308       ??_C@_0BC@EOODALEL@Unknown?5exception@ 0000000180011308     libcpmt:xthrow.obj
 0002:00000328       ??_7bad_alloc@std@@6B@     0000000180011328     libcpmt:xthrow.obj
 0002:00000338       ??_C@_0P@GHFPNOJB@bad?5allocation@ 0000000180011338     libcpmt:xthrow.obj
 0002:00000350       ??_7logic_error@std@@6B@   0000000180011350     libcpmt:xthrow.obj
 0002:00000368       ??_7length_error@std@@6B@  0000000180011368     libcpmt:xthrow.obj
 0002:00000380       ??_7type_info@@6B@         0000000180011380     LIBCMT:std_type_info_static.obj
 0002:00000388       _pDefaultRawDllMain        0000000180011388     LIBCMT:dll_dllmain.obj
 0002:00000388       _pRawDllMain               0000000180011388     LIBCMT:dll_dllmain.obj
 0002:000003a8       ??_7bad_array_new_length@std@@6B@ 00000001800113a8     LIBCMT:throw_bad_alloc.obj
 0002:000003b8       ??_C@_0BF@KINCDENJ@bad?5array?5new?5length@ 00000001800113b8     LIBCMT:throw_bad_alloc.obj
 0002:00000410       _pDestructExceptionObject  0000000180011410     libvcruntime:ehhelpers.obj
 0002:00000758       ??_C@_08EHJDFFNH@__based?$CI@ 0000000180011758     libvcruntime:undname.obj
 0002:00000768       ??_C@_07KOLFKCDI@__cdecl@  0000000180011768     libvcruntime:undname.obj
 0002:00000770       ??_C@_08GHMPAG@__pascal@   0000000180011770     libvcruntime:undname.obj
 0002:00000780       ??_C@_09IFJBGAPI@__stdcall@ 0000000180011780     libvcruntime:undname.obj
 0002:00000790       ??_C@_0L@NPHFGOKO@__thiscall@ 0000000180011790     libvcruntime:undname.obj
 0002:000007a0       ??_C@_0L@JMKHOMEK@__fastcall@ 00000001800117a0     libvcruntime:undname.obj
 0002:000007b0       ??_C@_0N@BCKKPABJ@__vectorcall@ 00000001800117b0     libvcruntime:undname.obj
 0002:000007c0       ??_C@_09HIJEGCPM@__clrcall@ 00000001800117c0     libvcruntime:undname.obj
 0002:000007cc       ??_C@_06GHPCKEAG@__eabi@   00000001800117cc     libvcruntime:undname.obj
 0002:000007d8       ??_C@_09IOPIDJLG@__swift_1@ 00000001800117d8     libvcruntime:undname.obj
 0002:000007e8       ??_C@_09KFNFGKHF@__swift_2@ 00000001800117e8     libvcruntime:undname.obj
 0002:000007f8       ??_C@_07JOMMBBKO@__ptr64@  00000001800117f8     libvcruntime:undname.obj
 0002:00000800       ??_C@_0L@PILCLIHE@__restrict@ 0000000180011800     libvcruntime:undname.obj
 0002:00000810       ??_C@_0M@GFIIJFMG@__unaligned@ 0000000180011810     libvcruntime:undname.obj
 0002:00000820       ??_C@_09DHDLOLLB@restrict?$CI@ 0000000180011820     libvcruntime:undname.obj
 0002:0000082a       ??_C@_00CNPNBAHC@@         000000018001182a     libvcruntime:undname.obj
 0002:0000082c       ??_C@_04NIHEBCM@?5new@     000000018001182c     libvcruntime:undname.obj
 0002:00000838       ??_C@_07FPCDHGMM@?5delete@ 0000000180011838     libvcruntime:undname.obj
 0002:00000840       ??_C@_01NEMOKFLO@?$DN@     0000000180011840     libvcruntime:undname.obj
 0002:00000844       ??_C@_02GPIOPFAK@?$DO?$DO@ 0000000180011844     libvcruntime:undname.obj
 0002:00000848       ??_C@_02FODMEDOG@?$DM?$DM@ 0000000180011848     libvcruntime:undname.obj
 0002:0000084c       ??_C@_01DCLJPIOD@?$CB@     000000018001184c     libvcruntime:undname.obj
 0002:00000850       ??_C@_02EGOFBIJA@?$DN?$DN@ 0000000180011850     libvcruntime:undname.obj
 0002:00000854       ??_C@_02FDNJECIE@?$CB?$DN@ 0000000180011854     libvcruntime:undname.obj
 0002:00000858       ??_C@_02GPECMEKF@?$FL?$FN@ 0000000180011858     libvcruntime:undname.obj
 0002:00000860       ??_C@_08LHJFAFGD@operator@ 0000000180011860     libvcruntime:undname.obj
 0002:0000086c       ??_C@_02HBOOOICD@?9?$DO@   000000018001186c     libvcruntime:undname.obj
 0002:00000870       ??_C@_01NBENCBCI@?$CK@     0000000180011870     libvcruntime:undname.obj
 0002:00000874       ??_C@_02ECNGHCIF@?$CL?$CL@ 0000000180011874     libvcruntime:undname.obj
 0002:00000878       ??_C@_02BAABKJLB@?9?9@     0000000180011878     libvcruntime:undname.obj
 0002:0000087c       ??_C@_01JOAMLHOP@?9@       000000018001187c     libvcruntime:undname.obj
 0002:00000880       ??_C@_01MIFGBAGJ@?$CL@     0000000180011880     libvcruntime:undname.obj
 0002:00000884       ??_C@_01HNPIGOCE@?$CG@     0000000180011884     libvcruntime:undname.obj
 0002:00000888       ??_C@_03MNHNFDLC@?9?$DO?$CK@ 0000000180011888     libvcruntime:undname.obj
 0002:0000088c       ??_C@_01KMDKNFGN@?1@       000000018001188c     libvcruntime:undname.obj
 0002:00000890       ??_C@_01FGNFDNOH@?$CF@     0000000180011890     libvcruntime:undname.obj
 0002:00000894       ??_C@_01MNNFJEPP@?$DM@     0000000180011894     libvcruntime:undname.obj
 0002:00000898       ??_C@_02EHCHHCKH@?$DM?$DN@ 0000000180011898     libvcruntime:undname.obj
 0002:0000089c       ??_C@_01PPODPGHN@?$DO@     000000018001189c     libvcruntime:undname.obj
 0002:000008a0       ??_C@_02EEKDKGMJ@?$DO?$DN@ 00000001800118a0     libvcruntime:undname.obj
 0002:000008a4       ??_C@_01IHBHIGKO@?0@       00000001800118a4     libvcruntime:undname.obj
 0002:000008a8       ??_C@_02HCKGKOFO@?$CI?$CJ@ 00000001800118a8     libvcruntime:undname.obj
 0002:000008ac       ??_C@_01PJKLJHI@?$HO@      00000001800118ac     libvcruntime:undname.obj
 0002:000008b0       ??_C@_01JKBOJNNK@?$FO@     00000001800118b0     libvcruntime:undname.obj
 0002:000008b4       ??_C@_01DNKMNLPK@?$HM@     00000001800118b4     libvcruntime:undname.obj
 0002:000008b8       ??_C@_02PPKAJPJL@?$CG?$CG@ 00000001800118b8     libvcruntime:undname.obj
 0002:000008bc       ??_C@_02NONPIBCD@?$HM?$HM@ 00000001800118bc     libvcruntime:undname.obj
 0002:000008c0       ??_C@_02FPIMKNGF@?$CK?$DN@ 00000001800118c0     libvcruntime:undname.obj
 0002:000008c4       ??_C@_02FOEOMHFC@?$CL?$DN@ 00000001800118c4     libvcruntime:undname.obj
 0002:000008c8       ??_C@_02FKMDLLOA@?9?$DN@   00000001800118c8     libvcruntime:undname.obj
 0002:000008cc       ??_C@_02FJEHGPIO@?1?$DN@   00000001800118cc     libvcruntime:undname.obj
 0002:000008d0       ??_C@_02FENAOKFI@?$CF?$DN@ 00000001800118d0     libvcruntime:undname.obj
 0002:000008d4       ??_C@_03IKFCCPFF@?$DO?$DO?$DN@ 00000001800118d4     libvcruntime:undname.obj
 0002:000008d8       ??_C@_03CDNPDDLA@?$DM?$DM?$DN@ 00000001800118d8     libvcruntime:undname.obj
 0002:000008dc       ??_C@_02FGJGFEAB@?$CG?$DN@ 00000001800118dc     libvcruntime:undname.obj
 0002:000008e0       ??_C@_02DHLNPPGH@?$HM?$DN@ 00000001800118e0     libvcruntime:undname.obj
 0002:000008e4       ??_C@_02MHEGNOJ@?$FO?$DN@  00000001800118e4     libvcruntime:undname.obj
 0002:000008e8       ??_C@_09IFPLHPGF@?$GAvftable?8@ 00000001800118e8     libvcruntime:undname.obj
 0002:000008f8       ??_C@_09BLBHBJP@?$GAvbtable?8@ 00000001800118f8     libvcruntime:undname.obj
 0002:00000908       ??_C@_07FEEIOKP@?$GAvcall?8@ 0000000180011908     libvcruntime:undname.obj
 0002:00000910       ??_C@_08LLFFHHDJ@?$GAtypeof?8@ 0000000180011910     libvcruntime:undname.obj
 0002:00000920       ??_C@_0BF@KDPPACIK@?$GAlocal?5static?5guard?8@ 0000000180011920     libvcruntime:undname.obj
 0002:00000938       ??_C@_08OBABFOLI@?$GAstring?8@ 0000000180011938     libvcruntime:undname.obj
 0002:00000948       ??_C@_0BD@JDLKDPAB@?$GAvbase?5destructor?8@ 0000000180011948     libvcruntime:undname.obj
 0002:00000960       ??_C@_0BN@DEGPLNFK@?$GAvector?5deleting?5destructor?8@ 0000000180011960     libvcruntime:undname.obj
 0002:00000980       ??_C@_0BO@OBMKPJIG@?$GAdefault?5constructor?5closure?8@ 0000000180011980     libvcruntime:undname.obj
 0002:000009a0       ??_C@_0BN@IMDCHIKM@?$GAscalar?5deleting?5destructor?8@ 00000001800119a0     libvcruntime:undname.obj
 0002:000009c0       ??_C@_0BO@PFGOCPJJ@?$GAvector?5constructor?5iterator?8@ 00000001800119c0     libvcruntime:undname.obj
 0002:000009e0       ??_C@_0BN@LFPFMEDL@?$GAvector?5destructor?5iterator?8@ 00000001800119e0     libvcruntime:undname.obj
 0002:00000a00       ??_C@_0CE@IKBNEHA@?$GAvector?5vbase?5constructor?5itera@ 0000000180011a00     libvcruntime:undname.obj
 0002:00000a28       ??_C@_0BL@NILFHHPC@?$GAvirtual?5displacement?5map?8@ 0000000180011a28     libvcruntime:undname.obj
 0002:00000a48       ??_C@_0CB@JONCMFFK@?$GAeh?5vector?5constructor?5iterator@ 0000000180011a48     libvcruntime:undname.obj
 0002:00000a70       ??_C@_0CA@GCEOPDGL@?$GAeh?5vector?5destructor?5iterator?8@ 0000000180011a70     libvcruntime:undname.obj
 0002:00000a90       ??_C@_0CH@OOJPLCPH@?$GAeh?5vector?5vbase?5constructor?5it@ 0000000180011a90     libvcruntime:undname.obj
 0002:00000ab8       ??_C@_0BL@LLKPOHJI@?$GAcopy?5constructor?5closure?8@ 0000000180011ab8     libvcruntime:undname.obj
 0002:00000ad8       ??_C@_0BA@KBCDOMBN@?$GAudt?5returning?8@ 0000000180011ad8     libvcruntime:undname.obj
 0002:00000ae8       ??_C@_03KLGMFNMG@?$GAEH@   0000000180011ae8     libvcruntime:undname.obj
 0002:00000aec       ??_C@_05KHLCHHI@?$GARTTI@  0000000180011aec     libvcruntime:undname.obj
 0002:00000af8       ??_C@_0BA@KKLDJDLB@?$GAlocal?5vftable?8@ 0000000180011af8     libvcruntime:undname.obj
 0002:00000b08       ??_C@_0CE@IIHCMGGL@?$GAlocal?5vftable?5constructor?5clos@ 0000000180011b08     libvcruntime:undname.obj
 0002:00000b2c       ??_C@_06FHBGPFGH@?5new?$FL?$FN@ 0000000180011b2c     libvcruntime:undname.obj
 0002:00000b38       ??_C@_09LBNFPBCA@?5delete?$FL?$FN@ 0000000180011b38     libvcruntime:undname.obj
 0002:00000b48       ??_C@_0P@HJKNJFNN@?$GAomni?5callsig?8@ 0000000180011b48     libvcruntime:undname.obj
 0002:00000b58       ??_C@_0BL@CNOONJFP@?$GAplacement?5delete?5closure?8@ 0000000180011b58     libvcruntime:undname.obj
 0002:00000b78       ??_C@_0BN@CKNJLHMB@?$GAplacement?5delete?$FL?$FN?5closure?8@ 0000000180011b78     libvcruntime:undname.obj
 0002:00000b98       ??_C@_0CG@CFDHKGGD@?$GAmanaged?5vector?5constructor?5ite@ 0000000180011b98     libvcruntime:undname.obj
 0002:00000bc0       ??_C@_0CF@IMGKMJNO@?$GAmanaged?5vector?5destructor?5iter@ 0000000180011bc0     libvcruntime:undname.obj
 0002:00000be8       ??_C@_0CG@HLDDJMAG@?$GAeh?5vector?5copy?5constructor?5ite@ 0000000180011be8     libvcruntime:undname.obj
 0002:00000c10       ??_C@_0CM@FCBBDIGB@?$GAeh?5vector?5vbase?5copy?5construct@ 0000000180011c10     libvcruntime:undname.obj
 0002:00000c40       ??_C@_0BL@CLIPGLGB@?$GAdynamic?5initializer?5for?5?8@ 0000000180011c40     libvcruntime:undname.obj
 0002:00000c60       ??_C@_0CB@PDBIFEP@?$GAdynamic?5atexit?5destructor?5for?5@ 0000000180011c60     libvcruntime:undname.obj
 0002:00000c88       ??_C@_0CD@CGAJBKEJ@?$GAvector?5copy?5constructor?5iterat@ 0000000180011c88     libvcruntime:undname.obj
 0002:00000cb0       ??_C@_0CJ@GJELGAMM@?$GAvector?5vbase?5copy?5constructor?5@ 0000000180011cb0     libvcruntime:undname.obj
 0002:00000ce0       ??_C@_0CL@FGIJHLCE@?$GAmanaged?5vector?5copy?5constructo@ 0000000180011ce0     libvcruntime:undname.obj
 0002:00000d10       ??_C@_0BM@PMGGMLDN@?$GAlocal?5static?5thread?5guard?8@ 0000000180011d10     libvcruntime:undname.obj
 0002:00000d30       ??_C@_0N@BDNMDMOL@operator?5?$CC?$CC?5@ 0000000180011d30     libvcruntime:undname.obj
 0002:00000d40       ??_C@_0BC@GGEBGALA@operator?5co_await@ 0000000180011d40     libvcruntime:undname.obj
 0002:00000d58       ??_C@_0BC@DAFEJGAK@?5Type?5Descriptor?8@ 0000000180011d58     libvcruntime:undname.obj
 0002:00000d70       ??_C@_0BM@LDKODKLH@?5Base?5Class?5Descriptor?5at?5?$CI@ 0000000180011d70     libvcruntime:undname.obj
 0002:00000d90       ??_C@_0BD@LGICGFMM@?5Base?5Class?5Array?8@ 0000000180011d90     libvcruntime:undname.obj
 0002:00000da8       ??_C@_0BN@MECKDCOJ@?5Class?5Hierarchy?5Descriptor?8@ 0000000180011da8     libvcruntime:undname.obj
 0002:00000dc8       ??_C@_0BK@CFCOFLF@?5Complete?5Object?5Locator?8@ 0000000180011dc8     libvcruntime:undname.obj
 0002:00000e00       ??_C@_1DM@KHCHBNEB@?$AAa?$AAp?$AAi?$AA?9?$AAm?$AAs?$AA?9?$AAw?$AAi?$AAn?$AA?9?$AAc?$AAo?$AAr?$AAe@ 0000000180011e00     libvcruntime:winapi_downlevel.obj
 0002:00000e40       ??_C@_1DK@LPPGFMPP@?$AAa?$AAp?$AAi?$AA?9?$AAm?$AAs?$AA?9?$AAw?$AAi?$AAn?$AA?9?$AAc?$AAo?$AAr?$AAe@ 0000000180011e40     libvcruntime:winapi_downlevel.obj
 0002:00000e80       ??_C@_1BC@GDMECMAK@?$AAk?$AAe?$AAr?$AAn?$AAe?$AAl?$AA3?$AA2@ 0000000180011e80     libvcruntime:winapi_downlevel.obj
 0002:00000e98       ??_C@_1BA@PFFKHIOG@?$AAa?$AAp?$AAi?$AA?9?$AAm?$AAs?$AA?9@ 0000000180011e98     libvcruntime:winapi_downlevel.obj
 0002:00000ea8       ??_C@_1BA@IAIFMGEF@?$AAe?$AAx?$AAt?$AA?9?$AAm?$AAs?$AA?9@ 0000000180011ea8     libvcruntime:winapi_downlevel.obj
 0002:00000ec0       ??_C@_08KNHFBNJ@FlsAlloc@  0000000180011ec0     libvcruntime:winapi_downlevel.obj
 0002:00000ed8       ??_C@_07PEJMOBNF@FlsFree@  0000000180011ed8     libvcruntime:winapi_downlevel.obj
 0002:00000ee8       ??_C@_0M@GDNOONDI@FlsGetValue@ 0000000180011ee8     libvcruntime:winapi_downlevel.obj
 0002:00000f00       ??_C@_0M@JCPCPOEF@FlsSetValue@ 0000000180011f00     libvcruntime:winapi_downlevel.obj
 0002:00000f18       ??_C@_0BM@HCFOFFN@InitializeCriticalSectionEx@ 0000000180011f18     libvcruntime:winapi_downlevel.obj
 0002:00000fe0       ??_7bad_exception@std@@6B@ 0000000180011fe0     libvcruntime:frame.obj
 0002:00000ff0       ??_C@_0O@DPKOEFFH@bad?5exception@ 0000000180011ff0     libvcruntime:frame.obj
 0002:00001000       __acrt_exception_action_table 0000000180012000     libucrt:exception_filter.obj
 0002:000010c0       __acrt_signal_action_table_count 00000001800120c0     libucrt:exception_filter.obj
 0002:000010c8       __acrt_signal_action_first_fpe_index 00000001800120c8     libucrt:exception_filter.obj
 0002:000010d0       __acrt_signal_action_fpe_count 00000001800120d0     libucrt:exception_filter.obj
 0002:000010d8       ??_C@_1BI@BGOHAHKC@?$AAm?$AAs?$AAc?$AAo?$AAr?$AAe?$AAe?$AA?4?$AAd?$AAl?$AAl?$AA?$AA@ 00000001800120d8     libucrt:exit.obj
 0002:000010f0       ??_C@_0P@MIGLKIOC@CorExitProcess?$AA@ 00000001800120f0     libucrt:exit.obj
 0002:00001370       __lc_time_c                0000000180012370     libucrt:nlsdata.obj
 0002:00001630       ??_C@_03KOEHGMDN@Sun?$AA@  0000000180012630     libucrt:nlsdata.obj
 0002:00001634       ??_C@_03PDAGKDH@Mon?$AA@   0000000180012634     libucrt:nlsdata.obj
 0002:00001638       ??_C@_03NAGEINEP@Tue?$AA@  0000000180012638     libucrt:nlsdata.obj
 0002:0000163c       ??_C@_03MHOMLAJA@Wed?$AA@  000000018001263c     libucrt:nlsdata.obj
 0002:00001640       ??_C@_03IOFIKPDN@Thu?$AA@  0000000180012640     libucrt:nlsdata.obj
 0002:00001644       ??_C@_03IDIOELNC@Fri?$AA@  0000000180012644     libucrt:nlsdata.obj
 0002:00001648       ??_C@_03FEFJNEK@Sat?$AA@   0000000180012648     libucrt:nlsdata.obj
 0002:0000164c       ??_C@_06OOPIFAJ@Sunday?$AA@ 000000018001264c     libucrt:nlsdata.obj
 0002:00001654       ??_C@_06JLEDEDGH@Monday?$AA@ 0000000180012654     libucrt:nlsdata.obj
 0002:00001660       ??_C@_07BAAGCFCM@Tuesday?$AA@ 0000000180012660     libucrt:nlsdata.obj
 0002:00001668       ??_C@_09DLIGFAKA@Wednesday?$AA@ 0000000180012668     libucrt:nlsdata.obj
 0002:00001678       ??_C@_08HACCIKIA@Thursday?$AA@ 0000000180012678     libucrt:nlsdata.obj
 0002:00001684       ??_C@_06JECMNKMI@Friday?$AA@ 0000000180012684     libucrt:nlsdata.obj
 0002:00001690       ??_C@_08INBOOONO@Saturday?$AA@ 0000000180012690     libucrt:nlsdata.obj
 0002:0000169c       ??_C@_03JIHJHPIE@Jan?$AA@  000000018001269c     libucrt:nlsdata.obj
 0002:000016a0       ??_C@_03HJBDCHOM@Feb?$AA@  00000001800126a0     libucrt:nlsdata.obj
 0002:000016a4       ??_C@_03ODNJBKGA@Mar?$AA@  00000001800126a4     libucrt:nlsdata.obj
 0002:000016a8       ??_C@_03LEOLGMJP@Apr?$AA@  00000001800126a8     libucrt:nlsdata.obj
 0002:000016ac       ??_C@_03CNMDKL@May?$AA@    00000001800126ac     libucrt:nlsdata.obj
 0002:000016b0       ??_C@_03IDFGHECI@Jun?$AA@  00000001800126b0     libucrt:nlsdata.obj
 0002:000016b4       ??_C@_03LBGABGKK@Jul?$AA@  00000001800126b4     libucrt:nlsdata.obj
 0002:000016b8       ??_C@_03IFJFEIGA@Aug?$AA@  00000001800126b8     libucrt:nlsdata.obj
 0002:000016bc       ??_C@_03GGCAPAJC@Sep?$AA@  00000001800126bc     libucrt:nlsdata.obj
 0002:000016c0       ??_C@_03BMAOKBAD@Oct?$AA@  00000001800126c0     libucrt:nlsdata.obj
 0002:000016c4       ??_C@_03JPJOFNIA@Nov?$AA@  00000001800126c4     libucrt:nlsdata.obj
 0002:000016c8       ??_C@_03MKABNOCG@Dec?$AA@  00000001800126c8     libucrt:nlsdata.obj
 0002:000016d0       ??_C@_07CGJPFGJA@January?$AA@ 00000001800126d0     libucrt:nlsdata.obj
 0002:000016d8       ??_C@_08GNJGEPFN@February?$AA@ 00000001800126d8     libucrt:nlsdata.obj
 0002:000016e4       ??_C@_05HPCKOFNC@March?$AA@ 00000001800126e4     libucrt:nlsdata.obj
 0002:000016ec       ??_C@_05DMJDNLEJ@April?$AA@ 00000001800126ec     libucrt:nlsdata.obj
 0002:000016f4       ??_C@_04CNLMGBGM@June?$AA@ 00000001800126f4     libucrt:nlsdata.obj
 0002:000016fc       ??_C@_04MIEPOIFP@July?$AA@ 00000001800126fc     libucrt:nlsdata.obj
 0002:00001704       ??_C@_06LBBHFDDG@August?$AA@ 0000000180012704     libucrt:nlsdata.obj
 0002:00001710       ??_C@_09BHHEALKD@September?$AA@ 0000000180012710     libucrt:nlsdata.obj
 0002:00001720       ??_C@_07JJNFCEND@October?$AA@ 0000000180012720     libucrt:nlsdata.obj
 0002:00001728       ??_C@_08HCHEGEOA@November?$AA@ 0000000180012728     libucrt:nlsdata.obj
 0002:00001738       ??_C@_08EDHMEBNP@December?$AA@ 0000000180012738     libucrt:nlsdata.obj
 0002:00001744       ??_C@_02DEDBPAFC@AM?$AA@   0000000180012744     libucrt:nlsdata.obj
 0002:00001748       ??_C@_02CJNFDJBF@PM?$AA@   0000000180012748     libucrt:nlsdata.obj
 0002:00001750       ??_C@_08BPBNCDIB@MM?1dd?1yy?$AA@ 0000000180012750     libucrt:nlsdata.obj
 0002:00001760       ??_C@_0BE@CKGJFCPC@dddd?0?5MMMM?5dd?0?5yyyy?$AA@ 0000000180012760     libucrt:nlsdata.obj
 0002:00001778       ??_C@_08JCCMCCIL@HH?3mm?3ss?$AA@ 0000000180012778     libucrt:nlsdata.obj
 0002:00001788       ??_C@_17MBGCMIPB@?$AAS?$AAu?$AAn?$AA?$AA@ 0000000180012788     libucrt:nlsdata.obj
 0002:00001790       ??_C@_17KBOMKBF@?$AAM?$AAo?$AAn?$AA?$AA@ 0000000180012790     libucrt:nlsdata.obj
 0002:00001798       ??_C@_17BMKGEGOJ@?$AAT?$AAu?$AAe?$AA?$AA@ 0000000180012798     libucrt:nlsdata.obj
 0002:000017a0       ??_C@_17CJEDCEPE@?$AAW?$AAe?$AAd?$AA?$AA@ 00000001800127a0     libucrt:nlsdata.obj
 0002:000017a8       ??_C@_17PDPHAADD@?$AAT?$AAh?$AAu?$AA?$AA@ 00000001800127a8     libucrt:nlsdata.obj
 0002:000017b0       ??_C@_17HFOLPPLP@?$AAF?$AAr?$AAi?$AA?$AA@ 00000001800127b0     libucrt:nlsdata.obj
 0002:000017b8       ??_C@_17GGIBDPIH@?$AAS?$AAa?$AAt?$AA?$AA@ 00000001800127b8     libucrt:nlsdata.obj
 0002:000017c0       ??_C@_1O@IHNHDHPB@?$AAS?$AAu?$AAn?$AAd?$AAa?$AAy?$AA?$AA@ 00000001800127c0     libucrt:nlsdata.obj
 0002:000017d0       ??_C@_1O@MMNBFLIA@?$AAM?$AAo?$AAn?$AAd?$AAa?$AAy?$AA?$AA@ 00000001800127d0     libucrt:nlsdata.obj
 0002:000017e0       ??_C@_1BA@ENFBFFEK@?$AAT?$AAu?$AAe?$AAs?$AAd?$AAa?$AAy?$AA?$AA@ 00000001800127e0     libucrt:nlsdata.obj
 0002:000017f0       ??_C@_1BE@EBOGMDOH@?$AAW?$AAe?$AAd?$AAn?$AAe?$AAs?$AAd?$AAa?$AAy?$AA?$AA@ 00000001800127f0     libucrt:nlsdata.obj
 0002:00001808       ??_C@_1BC@HHMNLIHE@?$AAT?$AAh?$AAu?$AAr?$AAs?$AAd?$AAa?$AAy?$AA?$AA@ 0000000180012808     libucrt:nlsdata.obj
 0002:00001820       ??_C@_1O@PDICJHAG@?$AAF?$AAr?$AAi?$AAd?$AAa?$AAy?$AA?$AA@ 0000000180012820     libucrt:nlsdata.obj
 0002:00001830       ??_C@_1BC@ENMNNPAJ@?$AAS?$AAa?$AAt?$AAu?$AAr?$AAd?$AAa?$AAy?$AA?$AA@ 0000000180012830     libucrt:nlsdata.obj
 0002:00001848       ??_C@_17DKNBKCHM@?$AAJ?$AAa?$AAn?$AA?$AA@ 0000000180012848     libucrt:nlsdata.obj
 0002:00001850       ??_C@_17LMDJEKJN@?$AAF?$AAe?$AAb?$AA?$AA@ 0000000180012850     libucrt:nlsdata.obj
 0002:00001858       ??_C@_17CKNLEDEC@?$AAM?$AAa?$AAr?$AA?$AA@ 0000000180012858     libucrt:nlsdata.obj
 0002:00001860       ??_C@_17LFPOIHDD@?$AAA?$AAp?$AAr?$AA?$AA@ 0000000180012860     libucrt:nlsdata.obj
 0002:00001868       ??_C@_17PNNKMEED@?$AAM?$AAa?$AAy?$AA?$AA@ 0000000180012868     libucrt:nlsdata.obj
 0002:00001870       ??_C@_17KCJGOCPB@?$AAJ?$AAu?$AAn?$AA?$AA@ 0000000180012870     libucrt:nlsdata.obj
 0002:00001878       ??_C@_17IJPCKHK@?$AAJ?$AAu?$AAl?$AA?$AA@ 0000000180012878     libucrt:nlsdata.obj
 0002:00001880       ??_C@_17ICPELBCN@?$AAA?$AAu?$AAg?$AA?$AA@ 0000000180012880     libucrt:nlsdata.obj
 0002:00001888       ??_C@_17HCHCOKMG@?$AAS?$AAe?$AAp?$AA?$AA@ 0000000180012888     libucrt:nlsdata.obj
 0002:00001890       ??_C@_17FNLKOI@?$AAO?$AAc?$AAt?$AA?$AA@ 0000000180012890     libucrt:nlsdata.obj
 0002:00001898       ??_C@_17BBDMLCIG@?$AAN?$AAo?$AAv?$AA?$AA@ 0000000180012898     libucrt:nlsdata.obj
 0002:000018a0       ??_C@_17EGKACKIF@?$AAD?$AAe?$AAc?$AA?$AA@ 00000001800128a0     libucrt:nlsdata.obj
 0002:000018a8       ??_C@_1BA@EFMEIEBA@?$AAJ?$AAa?$AAn?$AAu?$AAa?$AAr?$AAy?$AA?$AA@ 00000001800128a8     libucrt:nlsdata.obj
 0002:000018b8       ??_C@_1BC@JGDDFFAM@?$AAF?$AAe?$AAb?$AAr?$AAu?$AAa?$AAr?$AAy?$AA?$AA@ 00000001800128b8     libucrt:nlsdata.obj
 0002:000018d0       ??_C@_1M@IKEENEDF@?$AAM?$AAa?$AAr?$AAc?$AAh?$AA?$AA@ 00000001800128d0     libucrt:nlsdata.obj
 0002:000018e0       ??_C@_1M@GJNLMHFD@?$AAA?$AAp?$AAr?$AAi?$AAl?$AA?$AA@ 00000001800128e0     libucrt:nlsdata.obj
 0002:000018f0       ??_C@_19EPFLPGAP@?$AAJ?$AAu?$AAn?$AAe?$AA?$AA@ 00000001800128f0     libucrt:nlsdata.obj
 0002:00001900       ??_C@_19BIFMLPCD@?$AAJ?$AAu?$AAl?$AAy?$AA?$AA@ 0000000180012900     libucrt:nlsdata.obj
 0002:00001910       ??_C@_1O@PAHLKOAC@?$AAA?$AAu?$AAg?$AAu?$AAs?$AAt?$AA?$AA@ 0000000180012910     libucrt:nlsdata.obj
 0002:00001920       ??_C@_1BE@DKAAMBJL@?$AAS?$AAe?$AAp?$AAt?$AAe?$AAm?$AAb?$AAe?$AAr?$AA?$AA@ 0000000180012920     libucrt:nlsdata.obj
 0002:00001938       ??_C@_1BA@EPANDLNG@?$AAO?$AAc?$AAt?$AAo?$AAb?$AAe?$AAr?$AA?$AA@ 0000000180012938     libucrt:nlsdata.obj
 0002:00001948       ??_C@_1BC@BGLIFPF@?$AAN?$AAo?$AAv?$AAe?$AAm?$AAb?$AAe?$AAr?$AA?$AA@ 0000000180012948     libucrt:nlsdata.obj
 0002:00001960       ??_C@_1BC@FEMKIFH@?$AAD?$AAe?$AAc?$AAe?$AAm?$AAb?$AAe?$AAr?$AA?$AA@ 0000000180012960     libucrt:nlsdata.obj
 0002:00001974       ??_C@_15ODEHAHHF@?$AAA?$AAM?$AA?$AA@ 0000000180012974     libucrt:nlsdata.obj
 0002:0000197c       ??_C@_15CLMNNGEL@?$AAP?$AAM?$AA?$AA@ 000000018001297c     libucrt:nlsdata.obj
 0002:00001988       ??_C@_1BC@IEBCMHCM@?$AAM?$AAM?$AA?1?$AAd?$AAd?$AA?1?$AAy?$AAy?$AA?$AA@ 0000000180012988     libucrt:nlsdata.obj
 0002:000019a0       ??_C@_1CI@KNAKOEBC@?$AAd?$AAd?$AAd?$AAd?$AA?0?$AA?5?$AAM?$AAM?$AAM?$AAM?$AA?5?$AAd?$AAd?$AA?0?$AA?5?$AAy?$AAy?$AAy?$AAy?$AA?$AA@ 00000001800129a0     libucrt:nlsdata.obj
 0002:000019c8       ??_C@_1BC@GDGBMEMK@?$AAH?$AAH?$AA?3?$AAm?$AAm?$AA?3?$AAs?$AAs?$AA?$AA@ 00000001800129c8     libucrt:nlsdata.obj
 0002:000019e0       ??_C@_1M@BMHNFIME@?$AAe?$AAn?$AA?9?$AAU?$AAS?$AA?$AA@ 00000001800129e0     libucrt:nlsdata.obj
 0002:00001a10       ??_C@_1M@HPNHIDJI@?$AAj?$AAa?$AA?9?$AAJ?$AAP?$AA?$AA@ 0000000180012a10     libucrt:mbctype.obj
 0002:00001a20       ??_C@_1M@BIBDDEMK@?$AAz?$AAh?$AA?9?$AAC?$AAN?$AA?$AA@ 0000000180012a20     libucrt:mbctype.obj
 0002:00001a30       ??_C@_1M@JLOOOEGK@?$AAk?$AAo?$AA?9?$AAK?$AAR?$AA?$AA@ 0000000180012a30     libucrt:mbctype.obj
 0002:00001a40       ??_C@_1M@CLNBBOPM@?$AAz?$AAh?$AA?9?$AAT?$AAW?$AA?$AA@ 0000000180012a40     libucrt:mbctype.obj
 0002:00001af0       ??_C@_1EA@JGEFHKEI@?$AAa?$AAp?$AAi?$AA?9?$AAm?$AAs?$AA?9?$AAw?$AAi?$AAn?$AA?9?$AAc?$AAo?$AAr?$AAe?$AA?9?$AAd?$AAa?$AAt?$AAe?$AAt?$AAi?$AAm?$AAe?$AA?9?$AAl?$AA1?$AA?9?$AA1?$AA?9?$AA1?$AA?$AA@ 0000000180012af0     libucrt:winapi_thunks.obj
 0002:00001b30       ??_C@_1DM@KHCHBNEB@?$AAa?$AAp?$AAi?$AA?9?$AAm?$AAs?$AA?9?$AAw?$AAi?$AAn?$AA?9?$AAc?$AAo?$AAr?$AAe?$AA?9?$AAf?$AAi?$AAb?$AAe?$AAr?$AAs?$AA?9?$AAl?$AA1?$AA?9?$AA1?$AA?9?$AA1?$AA?$AA@ 0000000180012b30     libucrt:winapi_thunks.obj
 0002:00001b70       ??_C@_1DI@IJCEHOCB@?$AAa?$AAp?$AAi?$AA?9?$AAm?$AAs?$AA?9?$AAw?$AAi?$AAn?$AA?9?$AAc?$AAo?$AAr?$AAe?$AA?9?$AAf?$AAi?$AAl?$AAe?$AA?9?$AAl?$AA1?$AA?9?$AA2?$AA?9?$AA2?$AA?$AA@ 0000000180012b70     libucrt:winapi_thunks.obj
 0002:00001bb0       ??_C@_1EI@MPIAOHOC@?$AAa?$AAp?$AAi?$AA?9?$AAm?$AAs?$AA?9?$AAw?$AAi?$AAn?$AA?9?$AAc?$AAo?$AAr?$AAe?$AA?9?$AAl?$AAo?$AAc?$AAa?$AAl?$AAi?$AAz?$AAa?$AAt?$AAi?$AAo?$AAn?$AA?9?$AAl?$AA1?$AA?9@ 0000000180012bb0     libucrt:winapi_thunks.obj
 0002:00001c00       ??_C@_1FK@FPHCKFIE@?$AAa?$AAp?$AAi?$AA?9?$AAm?$AAs?$AA?9?$AAw?$AAi?$AAn?$AA?9?$AAc?$AAo?$AAr?$AAe?$AA?9?$AAl?$AAo?$AAc?$AAa?$AAl?$AAi?$AAz?$AAa?$AAt?$AAi?$AAo?$AAn?$AA?9?$AAo?$AAb?$AAs@ 0000000180012c00     libucrt:winapi_thunks.obj
 0002:00001c60       ??_C@_1EM@DILCGIIO@?$AAa?$AAp?$AAi?$AA?9?$AAm?$AAs?$AA?9?$AAw?$AAi?$AAn?$AA?9?$AAc?$AAo?$AAr?$AAe?$AA?9?$AAp?$AAr?$AAo?$AAc?$AAe?$AAs?$AAs?$AAt?$AAh?$AAr?$AAe?$AAa?$AAd?$AAs?$AA?9?$AAl@ 0000000180012c60     libucrt:winapi_thunks.obj
 0002:00001cb0       ??_C@_1DM@LNCGDDPN@?$AAa?$AAp?$AAi?$AA?9?$AAm?$AAs?$AA?9?$AAw?$AAi?$AAn?$AA?9?$AAc?$AAo?$AAr?$AAe?$AA?9?$AAs?$AAt?$AAr?$AAi?$AAn?$AAg?$AA?9?$AAl?$AA1?$AA?9?$AA1?$AA?9?$AA0?$AA?$AA@ 0000000180012cb0     libucrt:winapi_thunks.obj
 0002:00001cf0       ??_C@_1DK@LPPGFMPP@?$AAa?$AAp?$AAi?$AA?9?$AAm?$AAs?$AA?9?$AAw?$AAi?$AAn?$AA?9?$AAc?$AAo?$AAr?$AAe?$AA?9?$AAs?$AAy?$AAn?$AAc?$AAh?$AA?9?$AAl?$AA1?$AA?9?$AA2?$AA?9?$AA0?$AA?$AA@ 0000000180012cf0     libucrt:winapi_thunks.obj
 0002:00001d30       ??_C@_1DO@FPAPJEMD@?$AAa?$AAp?$AAi?$AA?9?$AAm?$AAs?$AA?9?$AAw?$AAi?$AAn?$AA?9?$AAc?$AAo?$AAr?$AAe?$AA?9?$AAs?$AAy?$AAs?$AAi?$AAn?$AAf?$AAo?$AA?9?$AAl?$AA1?$AA?9?$AA2?$AA?9?$AA1?$AA?$AA@ 0000000180012d30     libucrt:winapi_thunks.obj
 0002:00001d70       ??_C@_1DK@NDHNAHIO@?$AAa?$AAp?$AAi?$AA?9?$AAm?$AAs?$AA?9?$AAw?$AAi?$AAn?$AA?9?$AAc?$AAo?$AAr?$AAe?$AA?9?$AAw?$AAi?$AAn?$AAr?$AAt?$AA?9?$AAl?$AA1?$AA?9?$AA1?$AA?9?$AA0?$AA?$AA@ 0000000180012d70     libucrt:winapi_thunks.obj
 0002:00001db0       ??_C@_1DM@KGHDGBCM@?$AAa?$AAp?$AAi?$AA?9?$AAm?$AAs?$AA?9?$AAw?$AAi?$AAn?$AA?9?$AAc?$AAo?$AAr?$AAe?$AA?9?$AAx?$AAs?$AAt?$AAa?$AAt?$AAe?$AA?9?$AAl?$AA2?$AA?9?$AA1?$AA?9?$AA0?$AA?$AA@ 0000000180012db0     libucrt:winapi_thunks.obj
 0002:00001df0       ??_C@_1EO@IJIOEFOH@?$AAa?$AAp?$AAi?$AA?9?$AAm?$AAs?$AA?9?$AAw?$AAi?$AAn?$AA?9?$AAr?$AAt?$AAc?$AAo?$AAr?$AAe?$AA?9?$AAn?$AAt?$AAu?$AAs?$AAe?$AAr?$AA?9?$AAw?$AAi?$AAn?$AAd?$AAo?$AAw?$AA?9@ 0000000180012df0     libucrt:winapi_thunks.obj
 0002:00001e40       ??_C@_1FG@HHGEKANL@?$AAa?$AAp?$AAi?$AA?9?$AAm?$AAs?$AA?9?$AAw?$AAi?$AAn?$AA?9?$AAs?$AAe?$AAc?$AAu?$AAr?$AAi?$AAt?$AAy?$AA?9?$AAs?$AAy?$AAs?$AAt?$AAe?$AAm?$AAf?$AAu?$AAn?$AAc?$AAt?$AAi@ 0000000180012e40     libucrt:winapi_thunks.obj
 0002:00001ea0       ??_C@_1EG@DBIOJECG@?$AAe?$AAx?$AAt?$AA?9?$AAm?$AAs?$AA?9?$AAw?$AAi?$AAn?$AA?9?$AAn?$AAt?$AAu?$AAs?$AAe?$AAr?$AA?9?$AAd?$AAi?$AAa?$AAl?$AAo?$AAg?$AAb?$AAo?$AAx?$AA?9?$AAl?$AA1?$AA?9?$AA1@ 0000000180012ea0     libucrt:winapi_thunks.obj
 0002:00001ef0       ??_C@_1EO@FIHMJCLF@?$AAe?$AAx?$AAt?$AA?9?$AAm?$AAs?$AA?9?$AAw?$AAi?$AAn?$AA?9?$AAn?$AAt?$AAu?$AAs?$AAe?$AAr?$AA?9?$AAw?$AAi?$AAn?$AAd?$AAo?$AAw?$AAs?$AAt?$AAa?$AAt?$AAi?$AAo?$AAn?$AA?9@ 0000000180012ef0     libucrt:winapi_thunks.obj
 0002:00001f40       ??_C@_1BC@DNHGCMLG@?$AAa?$AAd?$AAv?$AAa?$AAp?$AAi?$AA3?$AA2?$AA?$AA@ 0000000180012f40     libucrt:winapi_thunks.obj
 0002:00001f58       ??_C@_1BC@GDMECMAK@?$AAk?$AAe?$AAr?$AAn?$AAe?$AAl?$AA3?$AA2?$AA?$AA@ 0000000180012f58     libucrt:winapi_thunks.obj
 0002:00001f70       ??_C@_1M@OAIMIKLP@?$AAn?$AAt?$AAd?$AAl?$AAl?$AA?$AA@ 0000000180012f70     libucrt:winapi_thunks.obj
 0002:00001f80       ??_C@_1EG@DPGNFKGC@?$AAa?$AAp?$AAi?$AA?9?$AAm?$AAs?$AA?9?$AAw?$AAi?$AAn?$AA?9?$AAa?$AAp?$AAp?$AAm?$AAo?$AAd?$AAe?$AAl?$AA?9?$AAr?$AAu?$AAn?$AAt?$AAi?$AAm?$AAe?$AA?9?$AAl?$AA1?$AA?9?$AA1@ 0000000180012f80     libucrt:winapi_thunks.obj
 0002:00001fc8       ??_C@_1O@BCCLBEOE@?$AAu?$AAs?$AAe?$AAr?$AA3?$AA2?$AA?$AA@ 0000000180012fc8     libucrt:winapi_thunks.obj
 0002:00001fd8       ??_C@_1BA@PFFKHIOG@?$AAa?$AAp?$AAi?$AA?9?$AAm?$AAs?$AA?9?$AA?$AA@ 0000000180012fd8     libucrt:winapi_thunks.obj
 0002:00001fe8       ??_C@_1BA@IAIFMGEF@?$AAe?$AAx?$AAt?$AA?9?$AAm?$AAs?$AA?9?$AA?$AA@ 0000000180012fe8     libucrt:winapi_thunks.obj
 0002:00002000       ??_C@_0BA@FHFNEAED@AreFileApisANSI?$AA@ 0000000180013000     libucrt:winapi_thunks.obj
 0002:00002018       ??_C@_08KNHFBNJ@FlsAlloc?$AA@ 0000000180013018     libucrt:winapi_thunks.obj
[...]
 0004:00000bf4       $pdata$?initialize_stdio_handles_nolock@@YAXXZ 000000018001ebf4     libucrt:ioinit.obj
 0004:00000c00       $pdata$__acrt_initialize_lowio 000000018001ec00     libucrt:ioinit.obj
 0004:00000c0c       $pdata$__acrt_uninitialize_lowio 000000018001ec0c     libucrt:ioinit.obj
 0004:00000c18       $pdata$__acrt_execute_initializers 000000018001ec18     libucrt:shared_initialization.obj
 0004:00000c24       $pdata$__acrt_execute_uninitializers 000000018001ec24     libucrt:shared_initialization.obj
 0004:00000c30       $pdata$??$?RV<lambda_450d765d439847d4c735a33c368b5fc0>@@AEAV<lambda_44731a7d0e6d81c3e6aa82d741081786>@@V<lambda_601a2a7da3b7a96e9554ac7215c4b07c>@@@?$__crt_seh_guarded_call@P6AXH@Z@@QEAAP6AXH@Z$$QEAV<lambda_450d765d439847d4c735a33c368b5fc0>@@AEAV<lambda_44731a7d0e6d81c3e6aa82d741081786>@@$$QEAV<lambda_601a2a7da3b7a96e9554ac7215c4b07c>@@@Z 000000018001ec30     libucrt:signal.obj
 0004:00000c3c       $pdata$__acrt_get_sigabrt_handler 000000018001ec3c     libucrt:signal.obj
 0004:00000c48       $pdata$raise               000000018001ec48     libucrt:signal.obj
 0004:00000c54       $pdata$??$?RV<lambda_842d9ff0dc9ef11c61343bbaebe7f885>@@AEAV<lambda_c5860995281e5c4ce005b3de8f5874ee>@@V<lambda_d90129c13df834fdcbf8d2b88dafcf2d>@@@?$__crt_seh_guarded_call@X@@QEAAX$$QEAV<lambda_842d9ff0dc9ef11c61343bbaebe7f885>@@AEAV<lambda_c5860995281e5c4ce005b3de8f5874ee>@@$$QEAV<lambda_d90129c13df834fdcbf8d2b88dafcf2d>@@@Z 000000018001ec54     libucrt:fflush.obj
 0004:00000c60       $pdata$??$?RV<lambda_886d6c58226a84441f68b9f2b8217b83>@@AEAV<lambda_ab61a845afdef5b7c387490eaf3616ee>@@V<lambda_f7f22ab5edc0698d5f6905b0d3f44752>@@@?$__crt_seh_guarded_call@X@@QEAAX$$QEAV<lambda_886d6c58226a84441f68b9f2b8217b83>@@AEAV<lambda_ab61a845afdef5b7c387490eaf3616ee>@@$$QEAV<lambda_f7f22ab5edc0698d5f6905b0d3f44752>@@@Z 000000018001ec60     libucrt:fflush.obj
 0004:00000c6c       $pdata$?common_flush_all@@YAH_N@Z 000000018001ec6c     libucrt:fflush.obj
 0004:00000c78       $pdata$__acrt_stdio_flush_nolock 000000018001ec78     libucrt:fflush.obj
 0004:00000c84       $pdata$_fflush_nolock      000000018001ec84     libucrt:fflush.obj
 0004:00000c90       $pdata$__acrt_initialize_stdio 000000018001ec90     libucrt:_file.obj
 0004:00000c9c       $pdata$__acrt_uninitialize_stdio 000000018001ec9c     libucrt:_file.obj
 0004:00000ca8       $pdata$_mbtowc_l           000000018001eca8     libucrt:mbtowc.obj
 0004:00000cb4       $pdata$_fileno             000000018001ecb4     libucrt:fileno.obj
 0004:00000cc0       $pdata$__pctype_func       000000018001ecc0     libucrt:ctype.obj
 0004:00000ccc       $pdata$_isctype_l          000000018001eccc     libucrt:isctype.obj
 0004:00000cd8       $pdata$__acrt_free_locale  000000018001ecd8     libucrt:locale_refcounting.obj
 0004:00000ce4       $pdata$__acrt_locale_free_lc_time_if_unreferenced 000000018001ece4     libucrt:locale_refcounting.obj
 0004:00000cf0       $pdata$__acrt_release_locale_ref 000000018001ecf0     libucrt:locale_refcounting.obj
 0004:00000cfc       $pdata$__acrt_update_thread_locale_data 000000018001ecfc     libucrt:locale_refcounting.obj
 0004:00000d08       $pdata$_updatetlocinfoEx_nolock 000000018001ed08     libucrt:locale_refcounting.obj
 0004:00000d14       $pdata$_isleadbyte_l       000000018001ed14     libucrt:_wctype.obj
 0004:00000d20       $pdata$?__acrt_LCMapStringA_stat@@YAHPEAU__crt_locale_pointers@@PEB_WKPEBDHPEADHHH@Z 000000018001ed20     libucrt:lcmapstringa.obj
 0004:00000d2c       $pdata$__acrt_LCMapStringA 000000018001ed2c     libucrt:lcmapstringa.obj
 0004:00000d38       $pdata$__acrt_locale_free_monetary 000000018001ed38     libucrt:initmon.obj
 0004:00000d44       $pdata$__acrt_locale_free_numeric 000000018001ed44     libucrt:initnum.obj
 0004:00000d50       $pdata$?free_crt_array_internal@@YAXQEAPEBX_K@Z 000000018001ed50     libucrt:inittime.obj
 0004:00000d5c       $pdata$__acrt_locale_free_time 000000018001ed5c     libucrt:inittime.obj
 0004:00000d68       $pdata$__acrt_GetStringTypeA 000000018001ed68     libucrt:getstringtypea.obj
 0004:00000d74       $pdata$qsort               000000018001ed74     libucrt:qsort.obj
 0004:00000d80       $pdata$4$qsort             000000018001ed80     libucrt:qsort.obj
 0004:00000d8c       $pdata$5$qsort             000000018001ed8c     libucrt:qsort.obj
 0004:00000d98       $pdata$strncpy_s           000000018001ed98     libucrt:strncpy_s.obj
 0004:00000da4       $pdata$fallbackMethod      000000018001eda4     libucrt:strpbrk.obj
 0004:00000db0       $pdata$strpbrk             000000018001edb0     libucrt:strpbrk.obj
 0004:00000dbc       $pdata$_mbsdec_l           000000018001edbc     libucrt:mbsdec.obj
 0004:00000dc8       $pdata$?initialize_multibyte@@YAHXZ 000000018001edc8     libucrt:multibyte_initializer.obj
 0004:00000dd4       $pdata$_msize_base         000000018001edd4     libucrt:msize.obj
 0004:00000de0       $pdata$_realloc_base       000000018001ede0     libucrt:realloc_base.obj
 0004:00000dec       $pdata$?GetTableIndexFromLocaleName@@YAHPEB_W@Z 000000018001edec     libucrt:lcidtoname_downlevel.obj
 0004:00000df8       $pdata$__acrt_DownlevelLocaleNameToLCID 000000018001edf8     libucrt:lcidtoname_downlevel.obj
 0004:00000e04       $pdata$__acrt_lowio_create_handle_array 000000018001ee04     libucrt:osfinfo.obj
 0004:00000e10       $pdata$__acrt_lowio_destroy_handle_array 000000018001ee10     libucrt:osfinfo.obj
 0004:00000e1c       $pdata$__acrt_lowio_ensure_fh_exists 000000018001ee1c     libucrt:osfinfo.obj
 0004:00000e28       $pdata$_free_osfhnd        000000018001ee28     libucrt:osfinfo.obj
 0004:00000e34       $pdata$_get_osfhandle      000000018001ee34     libucrt:osfinfo.obj
 0004:00000e40       $pdata$??$?RV<lambda_a37b2b86f63e897a80ea819b0eb08c01>@@AEAV<lambda_38ce7e780aa69e748d6df282ebc68efe>@@V<lambda_99fb1378e971ab6e7edea83e3a7a83a2>@@@?$__crt_seh_guarded_call@H@@QEAAH$$QEAV<lambda_a37b2b86f63e897a80ea819b0eb08c01>@@AEAV<lambda_38ce7e780aa69e748d6df282ebc68efe>@@$$QEAV<lambda_99fb1378e971ab6e7edea83e3a7a83a2>@@@Z 000000018001ee40     libucrt:commit.obj
 0004:00000e4c       $pdata$_commit             000000018001ee4c     libucrt:commit.obj
 0004:00000e58       $pdata$?write_double_translated_ansi_nolock@@YA?AUwrite_result@?A0x17268360@@HQEBDI@Z 000000018001ee58     libucrt:write.obj
 0004:00000e64       $pdata$?write_text_ansi_nolock@@YA?AUwrite_result@?A0x17268360@@HQEBDI@Z 000000018001ee64     libucrt:write.obj
 0004:00000e70       $pdata$?write_text_utf16le_nolock@@YA?AUwrite_result@?A0x17268360@@HQEBDI@Z 000000018001ee70     libucrt:write.obj
 0004:00000e7c       $pdata$?write_text_utf8_nolock@@YA?AUwrite_result@?A0x17268360@@HQEBDI@Z 000000018001ee7c     libucrt:write.obj
 0004:00000e88       $pdata$_write              000000018001ee88     libucrt:write.obj
 0004:00000e94       $pdata$_write_nolock       000000018001ee94     libucrt:write.obj
 0004:00000ea0       $pdata$_fcloseall          000000018001eea0     libucrt:closeall.obj
 0004:00000eac       $pdata$__acrt_stdio_free_buffer_nolock 000000018001eeac     libucrt:_freebuf.obj
 0004:00000eb8       $pdata$_isatty             000000018001eeb8     libucrt:isatty.obj
 0004:00000ec4       $pdata$?__mbrtowc_utf8@__crt_mbstring@@YA_KPEA_WPEBD_KPEAU_Mbstatet@@@Z 000000018001eec4     libucrt:mbrtowc.obj
 0004:00000ed0       $pdata$?__mbsrtowcs_utf8@__crt_mbstring@@YA_KPEA_WPEAPEBD_KPEAU_Mbstatet@@@Z 000000018001eed0     libucrt:mbrtowc.obj
 0004:00000edc       $pdata$??$common_lseek_nolock@_J@@YA_JH_JH@Z 000000018001eedc     libucrt:lseek.obj
 0004:00000ee8       $pdata$_putwch_nolock      000000018001eee8     libucrt:putwch.obj
 0004:00000ef4       $pdata$_fclose_nolock      000000018001eef4     libucrt:fclose.obj
 0004:00000f00       $pdata$fclose              000000018001ef00     libucrt:fclose.obj
 0004:00000f0c       $pdata$?__mbrtoc32_utf8@__crt_mbstring@@YA_KPEA_UPEBD_KPEAU_Mbstatet@@@Z 000000018001ef0c     libucrt:mbrtoc32.obj
 0004:00000f24       $pdata$__dcrt_lowio_ensure_console_output_initialized 000000018001ef24     libucrt:initcon.obj
 0004:00000f30       $pdata$__dcrt_terminate_console_output 000000018001ef30     libucrt:initcon.obj
 0004:00000f3c       $pdata$__dcrt_write_console 000000018001ef3c     libucrt:initcon.obj
 0004:00000f48       $pdata$??$?RV<lambda_751a882b2c74d4b022dec766aa51a29a>@@AEAV<lambda_628dfdc04ba53c8bfc02c9951375f3f5>@@V<lambda_f6c7be5f7998530c34de24c7437d6b54>@@@?$__crt_seh_guarded_call@H@@QEAAH$$QEAV<lambda_751a882b2c74d4b022dec766aa51a29a>@@AEAV<lambda_628dfdc04ba53c8bfc02c9951375f3f5>@@$$QEAV<lambda_f6c7be5f7998530c34de24c7437d6b54>@@@Z 000000018001ef48     libucrt:close.obj
 0004:00000f54       $pdata$_close              000000018001ef54     libucrt:close.obj
 0004:00000f60       $pdata$_close_nolock       000000018001ef60     libucrt:close.obj
 0004:00000f6c       $pdata$_call_matherr       000000018001ef6c     libucrt:libm_error.obj
 0004:00000f78       $pdata$_exception_enabled  000000018001ef78     libucrt:libm_error.obj
 0004:00000f84       $pdata$_handle_error       000000018001ef84     libucrt:libm_error.obj
 0004:00000f90       $pdata$__acrt_initialize_fma3 000000018001ef90     libucrt:fma3_available.obj
 0004:00000f9c       $pdata$_log10_special      000000018001ef9c     libucrt:log_special.obj
 0004:00000fa8       $pdata$_log_special_common 000000018001efa8     libucrt:log_special.obj
 0004:00000fc0       $pdata$_raise_exc          000000018001efc0     libucrt:fpexcept.obj
 0004:00000fcc       $pdata$_raise_exc_ex       000000018001efcc     libucrt:fpexcept.obj
 0004:00000fd8       $pdata$_set_errno_from_matherr 000000018001efd8     libucrt:fpexcept.obj
 0004:00000fe4       $pdata$_clrfp              000000018001efe4     libucrt:fpctrl.obj
 0004:00000ff0       $pdata$_ctrlfp             000000018001eff0     libucrt:fpctrl.obj
 0004:00000ffc       $pdata$_set_statfp         000000018001effc     libucrt:fpctrl.obj
 0004:00001008       $pdata$_statfp             000000018001f008     libucrt:fpctrl.obj
 0004:00001014       $pdata$?DloadAcquireSectionWriteAccess@@YAXXZ 000000018001f014     DelayImp:delayhlp.obj
 0004:00001020       $pdata$?DloadGetSRWLockFunctionPointers@@YAEXZ 000000018001f020     DelayImp:delayhlp.obj
 0004:0000102c       $pdata$?DloadMakePermanentImageCommit@@YAXPEAX_K@Z 000000018001f02c     DelayImp:delayhlp.obj
 0004:00001038       $pdata$?DloadObtainSection@@YAPEAXPEAK0@Z 000000018001f038     DelayImp:delayhlp.obj
 0004:00001044       $pdata$?DloadProtectSection@@YAXKPEAK@Z 000000018001f044     DelayImp:delayhlp.obj
 0004:00001050       $pdata$?DloadReleaseSectionWriteAccess@@YAXXZ 000000018001f050     DelayImp:delayhlp.obj
 0004:0000105c       $pdata$__delayLoadHelper2  000000018001f05c     DelayImp:delayhlp.obj
 0004:00001068       $pdata$_IsNonwritableInCurrentImage 000000018001f068     LIBCMT:pesect.obj
 0004:00001074       $pdata$__GSHandlerCheck    000000018001f074     LIBCMT:gshandler.obj
 0004:00001080       $pdata$__GSHandlerCheckCommon 000000018001f080     LIBCMT:gshandler.obj
 0004:000010a4       $pdata$__GSHandlerCheck_EH 000000018001f0a4     LIBCMT:gshandlereh.obj
 0004:000010bc       $pdata$?catch$0@?0??Message@Error@Napi@@QEBAAEBV?$basic_string@DU?$char_traits@D@std@@V?$allocator@D@2@@std@@XZ@4HA 000000018001f0bc     hello.obj
 0004:000010c8       $pdata$?catch$0@?0???$WrapCallback@V<lambda_8c7377a71108815b2eee34f099f4cb99>@@@details@Napi@@YAPEAUnapi_value__@@V<lambda_8c7377a71108815b2eee34f099f4cb99>@@@Z@4HA 000000018001f0c8     hello.obj
 0004:000010d4       $pdata$?catch$0@?0???$WrapCallback@V<lambda_6f109283bb3487c094c6ead15e4bed03>@@@details@Napi@@YAPEAUnapi_value__@@V<lambda_6f109283bb3487c094c6ead15e4bed03>@@@Z@4HA 000000018001f0d4     hello.obj
 0004:000010e0       $pdata$?fin$0@?0??dllmain_crt_process_attach@@YAHQEAUHINSTANCE__@@QEAX@Z@4HA 000000018001f0e0     LIBCMT:dll_dllmain.obj
 0004:000010ec       $pdata$?fin$0@?0??dllmain_crt_process_detach@@YAH_N@Z@4HA 000000018001f0ec     LIBCMT:dll_dllmain.obj
 0004:000010f8       $pdata$?filt$0@?0??dllmain_dispatch@@YAHQEAUHINSTANCE__@@KQEAX@Z@4HA 000000018001f0f8     LIBCMT:dll_dllmain.obj
 0004:00001104       $pdata$__scrt_is_nonwritable_in_current_image$filt$0 000000018001f104     LIBCMT:utility.obj
 0004:00001110       $pdata$__DestructExceptionObject$filt$0 000000018001f110     libvcruntime:ehhelpers.obj
 0004:0000111c       $pdata$?filt$0@?0???$_CallSETranslator@V__FrameHandler3@@@@YAHPEAUEHExceptionRecord@@PEA_KPEAU_CONTEXT@@PEAU_xDISPATCHER_CONTEXT@@PEBU_s_FuncInfo@@K1@Z@4HA 000000018001f11c     libvcruntime:risctrnsctrl.obj
 0004:00001128       $pdata$?filt$0@?0??CxxCallCatchBlock@__FrameHandler3@@SAPEAXPEAU_EXCEPTION_RECORD@@@Z@4HA 000000018001f128     libvcruntime:frame.obj
 0004:00001134       $pdata$?fin$1@?0??CxxCallCatchBlock@__FrameHandler3@@SAPEAXPEAU_EXCEPTION_RECORD@@@Z@4HA 000000018001f134     libvcruntime:frame.obj
 0004:00001140       $pdata$?filt$0@?0??FrameUnwindToState@__FrameHandler3@@SAXPEA_KPEAU_xDISPATCHER_CONTEXT@@PEBU_s_FuncInfo@@H@Z@4HA 000000018001f140     libvcruntime:frame.obj
 0004:0000114c       $pdata$?fin$1@?0??FrameUnwindToState@__FrameHandler3@@SAXPEA_KPEAU_xDISPATCHER_CONTEXT@@PEBU_s_FuncInfo@@H@Z@4HA 000000018001f14c     libvcruntime:frame.obj
 0004:00001158       $pdata$_query_new_handler$fin$0 000000018001f158     libucrt:new_handler.obj
 0004:00001164       $pdata$?fin$0@?0???$?RV<lambda_efdfa57d1f175319df784efa44bb7b81>@@AEAV<lambda_5f0a4c1567f8adc6734073e5d1e1b35c>@@V<lambda_2e8a7d3640ea6ccb4c2413664c2db6fd>@@@?$__crt_seh_guarded_call@X@@QEAAX$$QEAV<lambda_efdfa57d1f175319df784efa44bb7b81>@@AEAV<lambda_5f0a4c1567f8adc6734073e5d1e1b35c>@@$$QEAV<lambda_2e8a7d3640ea6ccb4c2413664c2db6fd>@@@Z@4HA 000000018001f164     libucrt:mbctype.obj
 0004:00001164       $pdata$?fin$0@?0???$?RV<lambda_7777bce6b2f8c936911f934f8298dc43>@@AEAV<lambda_f03950bc5685219e0bcd2087efbe011e>@@V<lambda_3883c3dff614d5e0c5f61bb1ac94921c>@@@?$__crt_seh_guarded_call@H@@QEAAH$$QEAV<lambda_7777bce6b2f8c936911f934f8298dc43>@@AEAV<lambda_f03950bc5685219e0bcd2087efbe011e>@@$$QEAV<lambda_3883c3dff614d5e0c5f61bb1ac94921c>@@@Z@4HA 000000018001f164     libucrt:onexit.obj
 0004:00001164       $pdata$?fin$0@?0???$?RV<lambda_2d41944a1d46af3157314b8a01080d33>@@AEAV<lambda_8f455de75cd7d7f24b4096f044d8b9e6>@@V<lambda_aa500f224e6afead328df44964fe2772>@@@?$__crt_seh_guarded_call@X@@QEAAX$$QEAV<lambda_2d41944a1d46af3157314b8a01080d33>@@AEAV<lambda_8f455de75cd7d7f24b4096f044d8b9e6>@@$$QEAV<lambda_aa500f224e6afead328df44964fe2772>@@@Z@4HA 000000018001f164     libucrt:per_thread_data.obj
 0004:00001164       $pdata$?fin$0@?0???$?RV<lambda_f2e299630e499de9f9a165e60fcd3db5>@@AEAV<lambda_2ae9d31cdba2644fcbeaf08da7c24588>@@V<lambda_40d01ff24d0e7b3814fdbdcee8eab3c7>@@@?$__crt_seh_guarded_call@X@@QEAAX$$QEAV<lambda_f2e299630e499de9f9a165e60fcd3db5>@@AEAV<lambda_2ae9d31cdba2644fcbeaf08da7c24588>@@$$QEAV<lambda_40d01ff24d0e7b3814fdbdcee8eab3c7>@@@Z@4HA 000000018001f164     libucrt:per_thread_data.obj
 0004:00001164       $pdata$?fin$0@?0???$?RV<lambda_aa87e3671a710a21b5dc78c0bdf72e11>@@AEAV<lambda_92619d2358a28f41a33ba319515a20b9>@@V<lambda_6992ecaafeb10aed2b74cb1fae11a551>@@@?$__crt_seh_guarded_call@X@@QEAAX$$QEAV<lambda_aa87e3671a710a21b5dc78c0bdf72e11>@@AEAV<lambda_92619d2358a28f41a33ba319515a20b9>@@$$QEAV<lambda_6992ecaafeb10aed2b74cb1fae11a551>@@@Z@4HA 000000018001f164     libucrt:per_thread_data.obj
 0004:00001164       $pdata$?fin$0@?0???$?RV<lambda_0ae27a3a962d80f24befdcbee591983d>@@AEAV<lambda_8d0ee55de4b1038c4002e0adecdf1839>@@V<lambda_dc504788e8f1664fe9b84e20bfb512f2>@@@?$__crt_seh_guarded_call@X@@QEAAX$$QEAV<lambda_0ae27a3a962d80f24befdcbee591983d>@@AEAV<lambda_8d0ee55de4b1038c4002e0adecdf1839>@@$$QEAV<lambda_dc504788e8f1664fe9b84e20bfb512f2>@@@Z@4HA 000000018001f164     libucrt:per_thread_data.obj
 0004:00001164       $pdata$?fin$0@?0???$?RV<lambda_450d765d439847d4c735a33c368b5fc0>@@AEAV<lambda_44731a7d0e6d81c3e6aa82d741081786>@@V<lambda_601a2a7da3b7a96e9554ac7215c4b07c>@@@?$__crt_seh_guarded_call@P6AXH@Z@@QEAAP6AXH@Z$$QEAV<lambda_450d765d439847d4c735a33c368b5fc0>@@AEAV<lambda_44731a7d0e6d81c3e6aa82d741081786>@@$$QEAV<lambda_601a2a7da3b7a96e9554ac7215c4b07c>@@@Z@4HA 000000018001f164     libucrt:signal.obj
 0004:00001164       $pdata$?fin$0@?0???$?RV<lambda_d80eeec6fff315bfe5c115232f3240e3>@@AEAV<lambda_6e4b09c48022b2350581041d5f6b0c4c>@@V<lambda_2358e3775559c9db80273638284d5e45>@@@?$__crt_seh_guarded_call@X@@QEAAX$$QEAV<lambda_d80eeec6fff315bfe5c115232f3240e3>@@AEAV<lambda_6e4b09c48022b2350581041d5f6b0c4c>@@$$QEAV<lambda_2358e3775559c9db80273638284d5e45>@@@Z@4HA 000000018001f164     libucrt:exit.obj
 0004:00001170       $pdata$?filt$0@?0???R<lambda_6e4b09c48022b2350581041d5f6b0c4c>@@QEBA@XZ@4HA 000000018001f170     libucrt:exit.obj
 0004:0000117c       $pdata$?fin$0@?0???$?RV<lambda_410d79af7f07d98d83a3f525b3859a53>@@AEAV<lambda_3e16ef9562a7dcce91392c22ab16ea36>@@V<lambda_38119f0e861e05405d8a144b9b982f0a>@@@?$__crt_seh_guarded_call@X@@QEAAX$$QEAV<lambda_410d79af7f07d98d83a3f525b3859a53>@@AEAV<lambda_3e16ef9562a7dcce91392c22ab16ea36>@@$$QEAV<lambda_38119f0e861e05405d8a144b9b982f0a>@@@Z@4HA 000000018001f17c     libucrt:wsetlocale.obj
 0004:00001188       $pdata$?fin$0@?0??update_thread_multibyte_data_internal@@YAPEAU__crt_multibyte_data@@QEAU__acrt_ptd@@QEAPEAU1@@Z@4HA 000000018001f188     libucrt:mbctype.obj
 0004:00001194       $pdata$__acrt_initialize_lowio$fin$0 000000018001f194     libucrt:ioinit.obj
 0004:00001194       $pdata$__acrt_lowio_ensure_fh_exists$fin$0 000000018001f194     libucrt:osfinfo.obj
 0004:000011a0       $pdata$raise$fin$0         000000018001f1a0     libucrt:signal.obj
 0004:000011ac       $pdata$?fin$0@?0???$?RV<lambda_842d9ff0dc9ef11c61343bbaebe7f885>@@AEAV<lambda_c5860995281e5c4ce005b3de8f5874ee>@@V<lambda_d90129c13df834fdcbf8d2b88dafcf2d>@@@?$__crt_seh_guarded_call@X@@QEAAX$$QEAV<lambda_842d9ff0dc9ef11c61343bbaebe7f885>@@AEAV<lambda_c5860995281e5c4ce005b3de8f5874ee>@@$$QEAV<lambda_d90129c13df834fdcbf8d2b88dafcf2d>@@@Z@4HA 000000018001f1ac     libucrt:fflush.obj
 0004:000011b8       $pdata$?fin$0@?0???$?RV<lambda_886d6c58226a84441f68b9f2b8217b83>@@AEAV<lambda_ab61a845afdef5b7c387490eaf3616ee>@@V<lambda_f7f22ab5edc0698d5f6905b0d3f44752>@@@?$__crt_seh_guarded_call@X@@QEAAX$$QEAV<lambda_886d6c58226a84441f68b9f2b8217b83>@@AEAV<lambda_ab61a845afdef5b7c387490eaf3616ee>@@$$QEAV<lambda_f7f22ab5edc0698d5f6905b0d3f44752>@@@Z@4HA 000000018001f1b8     libucrt:fflush.obj
 0004:000011c4       $pdata$__acrt_update_thread_locale_data$fin$0 000000018001f1c4     libucrt:locale_refcounting.obj
 0004:000011d0       $pdata$?fin$0@?0???$?RV<lambda_751a882b2c74d4b022dec766aa51a29a>@@AEAV<lambda_628dfdc04ba53c8bfc02c9951375f3f5>@@V<lambda_f6c7be5f7998530c34de24c7437d6b54>@@@?$__crt_seh_guarded_call@H@@QEAAH$$QEAV<lambda_751a882b2c74d4b022dec766aa51a29a>@@AEAV<lambda_628dfdc04ba53c8bfc02c9951375f3f5>@@$$QEAV<lambda_f6c7be5f7998530c34de24c7437d6b54>@@@Z@4HA 000000018001f1d0     libucrt:close.obj
 0004:000011d0       $pdata$?fin$0@?0???$?RV<lambda_a37b2b86f63e897a80ea819b0eb08c01>@@AEAV<lambda_38ce7e780aa69e748d6df282ebc68efe>@@V<lambda_99fb1378e971ab6e7edea83e3a7a83a2>@@@?$__crt_seh_guarded_call@H@@QEAAH$$QEAV<lambda_a37b2b86f63e897a80ea819b0eb08c01>@@AEAV<lambda_38ce7e780aa69e748d6df282ebc68efe>@@$$QEAV<lambda_99fb1378e971ab6e7edea83e3a7a83a2>@@@Z@4HA 000000018001f1d0     libucrt:commit.obj
 0004:000011dc       $pdata$_write$fin$0        000000018001f1dc     libucrt:write.obj
 0004:000011e8       $pdata$_fcloseall$fin$0    000000018001f1e8     libucrt:closeall.obj
 0004:000011f4       $pdata$fclose$fin$0        000000018001f1f4     libucrt:fclose.obj
 0004:00001200       $pdata$_ctrlfp$filt$0      000000018001f200     libucrt:fpctrl.obj
 0004:0000120c       $pdata$_IsNonwritableInCurrentImage$filt$0 000000018001f20c     LIBCMT:pesect.obj
 0005:00000060       $R000000                   0000000180020060     * linker generated manifest res *

 Exports

  ordinal    name

        1    _register_addon_
